exports["Buttons renders correctly 1"] = "\n<div\n  className=\"ui segment ui form\"\n>\n  <div\n    className=\"ui dividing header\"\n  >\n    Standard\n  </div>\n  <div\n    className=\"ui form \"\n  >\n    <div\n      className=\"fields\"\n    >\n      <div\n        className=\"four wide field\"\n      >\n        <div\n          className=\"ui input\"\n        >\n          <input\n            name=\"value\"\n            onChange={[Function]}\n            type=\"text\"\n            value=\"\"\n          />\n        </div>\n      </div>\n      <div\n        className=\"six wide field\"\n      >\n        <button\n          className=\"ui icon primary left labeled button\"\n          onClick={[Function]}\n        >\n          <i\n            aria-hidden=\"true\"\n            className=\"check icon\"\n            onClick={[Function]}\n          />\n          Approve\n        </button>\n      </div>\n      <div\n        className=\"six wide field\"\n      >\n        <button\n          className=\"ui red icon left labeled button\"\n          onClick={[Function]}\n        >\n          <i\n            aria-hidden=\"true\"\n            className=\"ban icon\"\n            onClick={[Function]}\n          />\n          Reject\n        </button>\n      </div>\n    </div>\n  </div>\n  <div\n    className=\"ui dividing header\"\n  >\n    Readonly\n  </div>\n  <div\n    className=\"ui form form-Abfdcefijjc\"\n  >\n    <div\n      className=\"fields\"\n    >\n      <div\n        className=\"four wide field\"\n      >\n        <div\n          className=\"ui disabled input\"\n        >\n          <input\n            disabled={true}\n            name=\"value\"\n            onChange={[Function]}\n            tabIndex={-1}\n            type=\"text\"\n            value=\"\"\n          />\n        </div>\n      </div>\n    </div>\n  </div>\n</div>\n";

