exports["Checkbox changes value and all related formulas 1"] = "\n<div\n  className=\"ui segment ui form\"\n>\n  <div\n    className=\"ui dividing header\"\n  >\n    Standard\n  </div>\n  <div\n    className=\"ui form \"\n  >\n    <div\n      className=\"fields\"\n    >\n      <div\n        className=\"eight wide field\"\n      >\n        <div\n          className=\"field\"\n        >\n          <div\n            className=\"ui checkbox\"\n            onChange={[Function]}\n            onClick={[Function]}\n            onMouseDown={[Function]}\n            onMouseUp={[Function]}\n          >\n            <input\n              checked={false}\n              className=\"hidden\"\n              name=\"agree\"\n              readOnly={true}\n              tabIndex={0}\n              type=\"checkbox\"\n            />\n            <label>\n              Agree With Terms and Conditions\n            </label>\n          </div>\n        </div>\n      </div>\n    </div>\n    <div\n      className=\"fields\"\n    >\n      <div\n        className=\"eight wide field\"\n      >\n        <div\n          className=\"field\"\n        >\n          <div\n            className=\"ui checked toggle checkbox\"\n            onChange={[Function]}\n            onClick={[Function]}\n            onMouseDown={[Function]}\n            onMouseUp={[Function]}\n          >\n            <input\n              checked={true}\n              className=\"hidden\"\n              name=\"disagree\"\n              readOnly={true}\n              tabIndex={0}\n              type=\"checkbox\"\n            />\n            <label>\n              Disagree With Terms and Conditions\n            </label>\n          </div>\n        </div>\n      </div>\n    </div>\n    <div\n      className=\"fields\"\n    >\n      <div\n        className=\"eight wide field\"\n      >\n        <div\n          className=\"field\"\n        >\n          <div\n            className=\"ui checked checkbox\"\n            onChange={[Function]}\n            onClick={[Function]}\n            onMouseDown={[Function]}\n            onMouseUp={[Function]}\n          >\n            <input\n              checked={true}\n              className=\"hidden\"\n              name=\"must\"\n              readOnly={true}\n              tabIndex={0}\n              type=\"checkbox\"\n            />\n            <label>\n              Must Agree With Terms and Conditions\n            </label>\n          </div>\n        </div>\n      </div>\n    </div>\n  </div>\n  <div\n    className=\"ui dividing header\"\n  >\n    Readonly\n  </div>\n  <div\n    className=\"ui form form-Abfdcefijjc\"\n  >\n    <div\n      className=\"fields\"\n    >\n      <div\n        className=\"eight wide field\"\n      >\n        <div\n          className=\"field\"\n        >\n          <div\n            className=\"ui read-only checkbox\"\n            onChange={[Function]}\n            onClick={[Function]}\n            onMouseDown={[Function]}\n            onMouseUp={[Function]}\n          >\n            <input\n              checked={false}\n              className=\"hidden\"\n              name=\"agree\"\n              readOnly={true}\n              tabIndex={0}\n              type=\"checkbox\"\n            />\n            <label>\n              Agree With Terms and Conditions\n            </label>\n          </div>\n        </div>\n      </div>\n    </div>\n    <div\n      className=\"fields\"\n    >\n      <div\n        className=\"eight wide field\"\n      >\n        <div\n          className=\"field\"\n        >\n          <div\n            className=\"ui checked read-only toggle checkbox\"\n            onChange={[Function]}\n            onClick={[Function]}\n            onMouseDown={[Function]}\n            onMouseUp={[Function]}\n          >\n            <input\n              checked={true}\n              className=\"hidden\"\n              name=\"disagree\"\n              readOnly={true}\n              tabIndex={0}\n              type=\"checkbox\"\n            />\n            <label>\n              Disagree With Terms and Conditions\n            </label>\n          </div>\n        </div>\n      </div>\n    </div>\n    <div\n      className=\"fields\"\n    >\n      <div\n        className=\"eight wide field\"\n      >\n        <div\n          className=\"field\"\n        >\n          <div\n            className=\"ui checked read-only checkbox\"\n            onChange={[Function]}\n            onClick={[Function]}\n            onMouseDown={[Function]}\n            onMouseUp={[Function]}\n          >\n            <input\n              checked={true}\n              className=\"hidden\"\n              name=\"must\"\n              readOnly={true}\n              tabIndex={0}\n              type=\"checkbox\"\n            />\n            <label>\n              Must Agree With Terms and Conditions\n            </label>\n          </div>\n        </div>\n      </div>\n    </div>\n  </div>\n</div>\n";

exports["Checkbox renders correctly 1"] = "\n<div\n  className=\"ui segment ui form\"\n>\n  <div\n    className=\"ui dividing header\"\n  >\n    Standard\n  </div>\n  <div\n    className=\"ui form \"\n  >\n    <div\n      className=\"fields\"\n    >\n      <div\n        className=\"eight wide field\"\n      >\n        <div\n          className=\"field\"\n        >\n          <div\n            className=\"ui checked checkbox\"\n            onChange={[Function]}\n            onClick={[Function]}\n            onMouseDown={[Function]}\n            onMouseUp={[Function]}\n          >\n            <input\n              checked={true}\n              className=\"hidden\"\n              name=\"agree\"\n              readOnly={true}\n              tabIndex={0}\n              type=\"checkbox\"\n            />\n            <label>\n              Agree With Terms and Conditions\n            </label>\n          </div>\n        </div>\n      </div>\n    </div>\n    <div\n      className=\"fields\"\n    >\n      <div\n        className=\"eight wide field\"\n      >\n        <div\n          className=\"field\"\n        >\n          <div\n            className=\"ui toggle checkbox\"\n            onChange={[Function]}\n            onClick={[Function]}\n            onMouseDown={[Function]}\n            onMouseUp={[Function]}\n          >\n            <input\n              checked={false}\n              className=\"hidden\"\n              name=\"disagree\"\n              readOnly={true}\n              tabIndex={0}\n              type=\"checkbox\"\n            />\n            <label>\n              Disagree With Terms and Conditions\n            </label>\n          </div>\n        </div>\n      </div>\n    </div>\n    <div\n      className=\"fields\"\n    >\n      <div\n        className=\"eight wide field\"\n      >\n        <div\n          className=\"field\"\n        >\n          <div\n            className=\"ui checkbox\"\n            onChange={[Function]}\n            onClick={[Function]}\n            onMouseDown={[Function]}\n            onMouseUp={[Function]}\n          >\n            <input\n              checked={false}\n              className=\"hidden\"\n              name=\"must\"\n              readOnly={true}\n              tabIndex={0}\n              type=\"checkbox\"\n            />\n            <label>\n              Must Agree With Terms and Conditions\n            </label>\n          </div>\n          <div>\n            <div\n              className=\"ui red pointing label\"\n              onClick={[Function]}\n            >\n              Value is required\n            </div>\n          </div>\n        </div>\n      </div>\n    </div>\n  </div>\n  <div\n    className=\"ui dividing header\"\n  >\n    Readonly\n  </div>\n  <div\n    className=\"ui form form-Abfdcefijjc\"\n  >\n    <div\n      className=\"fields\"\n    >\n      <div\n        className=\"eight wide field\"\n      >\n        <div\n          className=\"field\"\n        >\n          <div\n            className=\"ui checked read-only checkbox\"\n            onChange={[Function]}\n            onClick={[Function]}\n            onMouseDown={[Function]}\n            onMouseUp={[Function]}\n          >\n            <input\n              checked={true}\n              className=\"hidden\"\n              name=\"agree\"\n              readOnly={true}\n              tabIndex={0}\n              type=\"checkbox\"\n            />\n            <label>\n              Agree With Terms and Conditions\n            </label>\n          </div>\n        </div>\n      </div>\n    </div>\n    <div\n      className=\"fields\"\n    >\n      <div\n        className=\"eight wide field\"\n      >\n        <div\n          className=\"field\"\n        >\n          <div\n            className=\"ui read-only toggle checkbox\"\n            onChange={[Function]}\n            onClick={[Function]}\n            onMouseDown={[Function]}\n            onMouseUp={[Function]}\n          >\n            <input\n              checked={false}\n              className=\"hidden\"\n              name=\"disagree\"\n              readOnly={true}\n              tabIndex={0}\n              type=\"checkbox\"\n            />\n            <label>\n              Disagree With Terms and Conditions\n            </label>\n          </div>\n        </div>\n      </div>\n    </div>\n    <div\n      className=\"fields\"\n    >\n      <div\n        className=\"eight wide field\"\n      >\n        <div\n          className=\"field\"\n        >\n          <div\n            className=\"ui read-only checkbox\"\n            onChange={[Function]}\n            onClick={[Function]}\n            onMouseDown={[Function]}\n            onMouseUp={[Function]}\n          >\n            <input\n              checked={false}\n              className=\"hidden\"\n              name=\"must\"\n              readOnly={true}\n              tabIndex={0}\n              type=\"checkbox\"\n            />\n            <label>\n              Must Agree With Terms and Conditions\n            </label>\n          </div>\n          <div>\n            <div\n              className=\"ui red pointing label\"\n              onClick={[Function]}\n            >\n              Value is required\n            </div>\n          </div>\n        </div>\n      </div>\n    </div>\n  </div>\n</div>\n";

exports["Checkbox renders standard 1"] = "\n<div\n  className=\"ui segment\"\n>\n  <div\n    className=\"ui dividing header\"\n  >\n    Standard\n  </div>\n  <div\n    className=\"ui form   css-1mu481t-form\"\n    data-control=\"Form\"\n  >\n    <div\n      data-control=\"Stack\"\n    >\n      <div\n        className=\"css-eoi0db-item-column\"\n      >\n        <div\n          className=\"ui checked checkbox\"\n          data-control=\"Checkbox\"\n          onChange={[Function]}\n          onClick={[Function]}\n          onMouseDown={[Function]}\n          onMouseUp={[Function]}\n        >\n          <input\n            checked={true}\n            className=\"hidden\"\n            name=\"agree\"\n            readOnly={true}\n            tabIndex={0}\n            type=\"checkbox\"\n          />\n          <label>\n            Agree With Terms and Conditions\n          </label>\n        </div>\n      </div>\n      <div\n        className=\"css-eoi0db-item-column\"\n      >\n        <div\n          className=\"ui toggle checkbox\"\n          data-control=\"Checkbox\"\n          onChange={[Function]}\n          onClick={[Function]}\n          onMouseDown={[Function]}\n          onMouseUp={[Function]}\n        >\n          <input\n            checked={false}\n            className=\"hidden\"\n            name=\"disagree\"\n            readOnly={true}\n            tabIndex={0}\n            type=\"checkbox\"\n          />\n          <label>\n            Disagree With Terms and Conditions\n          </label>\n        </div>\n      </div>\n      <div\n        className=\"css-eoi0db-item-column\"\n      >\n        <div\n          className=\"ui slider checkbox\"\n          data-control=\"Checkbox\"\n          onChange={[Function]}\n          onClick={[Function]}\n          onMouseDown={[Function]}\n          onMouseUp={[Function]}\n        >\n          <input\n            checked={false}\n            className=\"hidden\"\n            name=\"disagree\"\n            readOnly={true}\n            tabIndex={0}\n            type=\"checkbox\"\n          />\n          <label>\n            Disagree With Terms and Conditions\n          </label>\n        </div>\n      </div>\n      <div\n        className=\"css-eoi0db-item-column\"\n      >\n        <div\n          className=\"ui checkbox\"\n          data-control=\"Checkbox\"\n          onChange={[Function]}\n          onClick={[Function]}\n          onMouseDown={[Function]}\n          onMouseUp={[Function]}\n        >\n          <input\n            checked={false}\n            className=\"hidden\"\n            name=\"must\"\n            readOnly={true}\n            tabIndex={0}\n            type=\"checkbox\"\n          />\n          <label>\n            Must Agree With Terms and Conditions\n          </label>\n        </div>\n      </div>\n    </div>\n  </div>\n</div>\n";

exports["Checkbox renders editor 1"] = "\n<div\n  className=\"ui segment\"\n>\n  <div\n    className=\"ui dividing header\"\n  >\n    Editor\n  </div>\n  <div\n    style={\n      Object {\n        \"display\": \"flex\",\n      }\n    }\n  >\n    <div\n      style={\n        Object {\n          \"flex\": \"1\",\n        }\n      }\n    >\n      <div\n        className=\"ui form   css-1mu481t-form\"\n        data-control=\"Form\"\n        id=\"5\"\n      >\n        <div\n          className=\"css-1q7g8br\"\n          data-control=\"Stack\"\n          data-editor=\"isEditor\"\n          id=\"4\"\n          layout=\"column\"\n          onClick={[Function]}\n          onDragEnd={[Function]}\n          onDragLeave={[Function]}\n          onDragOver={[Function]}\n          onDrop={[Function]}\n          onMouseOut={[Function]}\n          onMouseOver={[Function]}\n        >\n          <div\n            className=\"css-itj7i2-item-column\"\n          >\n            <div\n              className=\"ui checked checkbox\"\n              data-control=\"Checkbox\"\n              onChange={[Function]}\n              onClick={[Function]}\n              onMouseDown={[Function]}\n              onMouseOut={[Function]}\n              onMouseOver={[Function]}\n              onMouseUp={[Function]}\n            >\n              <input\n                checked={true}\n                className=\"hidden\"\n                id=\"0\"\n                name=\"agree\"\n                readOnly={true}\n                tabIndex={0}\n                type=\"checkbox\"\n              />\n              <label\n                htmlFor=\"0\"\n              >\n                Agree With Terms and Conditions\n              </label>\n            </div>\n          </div>\n          <div\n            className=\"css-itj7i2-item-column\"\n          >\n            <div\n              className=\"ui toggle checkbox\"\n              data-control=\"Checkbox\"\n              onChange={[Function]}\n              onClick={[Function]}\n              onMouseDown={[Function]}\n              onMouseOut={[Function]}\n              onMouseOver={[Function]}\n              onMouseUp={[Function]}\n            >\n              <input\n                checked={false}\n                className=\"hidden\"\n                id=\"1\"\n                name=\"disagree\"\n                readOnly={true}\n                tabIndex={0}\n                type=\"checkbox\"\n              />\n              <label\n                htmlFor=\"1\"\n              >\n                Disagree With Terms and Conditions\n              </label>\n            </div>\n          </div>\n          <div\n            className=\"css-itj7i2-item-column\"\n          >\n            <div\n              className=\"ui slider checkbox\"\n              data-control=\"Checkbox\"\n              onChange={[Function]}\n              onClick={[Function]}\n              onMouseDown={[Function]}\n              onMouseOut={[Function]}\n              onMouseOver={[Function]}\n              onMouseUp={[Function]}\n            >\n              <input\n                checked={false}\n                className=\"hidden\"\n                id=\"2\"\n                name=\"disagree\"\n                readOnly={true}\n                tabIndex={0}\n                type=\"checkbox\"\n              />\n              <label\n                htmlFor=\"2\"\n              >\n                Disagree With Terms and Conditions\n              </label>\n            </div>\n          </div>\n          <div\n            className=\"css-itj7i2-item-column\"\n          >\n            <div\n              className=\"ui checkbox\"\n              data-control=\"Checkbox\"\n              onChange={[Function]}\n              onClick={[Function]}\n              onMouseDown={[Function]}\n              onMouseOut={[Function]}\n              onMouseOver={[Function]}\n              onMouseUp={[Function]}\n            >\n              <input\n                checked={false}\n                className=\"hidden\"\n                id=\"3\"\n                name=\"must\"\n                readOnly={true}\n                tabIndex={0}\n                type=\"checkbox\"\n              />\n              <label\n                htmlFor=\"3\"\n              >\n                Must Agree With Terms and Conditions\n              </label>\n            </div>\n          </div>\n        </div>\n      </div>\n    </div>\n  </div>\n</div>\n";

