exports["Comment renders correctly 1"] = "\n<div\n  className=\"ui segment ui form\"\n>\n  <div\n    className=\"ui dividing header\"\n  >\n    Standard\n  </div>\n  <div\n    className=\"ui form \"\n  >\n    <div\n      className=\"fields\"\n    >\n      <div\n        className=\"sixteen wide field\"\n      >\n        <label\n          htmlFor=\"description\"\n        >\n          Description\n        </label>\n        <div\n          className=\"ui yellow icon message\"\n        >\n          <i\n            aria-hidden=\"true\"\n            className=\"comments outline icon\"\n            onClick={[Function]}\n          />\n          <div\n            className=\"content\"\n          >\n            <div\n              className=\"header\"\n            >\n              Comment\n            </div>\n            <p>\n              Some Description\n            </p>\n          </div>\n        </div>\n      </div>\n    </div>\n  </div>\n  <div\n    className=\"ui dividing header\"\n  >\n    Readonly\n  </div>\n  <div\n    className=\"ui form form-Abfdcefijjc\"\n  >\n    <div\n      className=\"fields\"\n    >\n      <div\n        className=\"sixteen wide field\"\n      >\n        <label\n          htmlFor=\"description\"\n        >\n          Description\n        </label>\n        <div\n          className=\"ui yellow icon message\"\n        >\n          <i\n            aria-hidden=\"true\"\n            className=\"comments outline icon\"\n            onClick={[Function]}\n          />\n          <div\n            className=\"content\"\n          >\n            <div\n              className=\"header\"\n            >\n              Comment\n            </div>\n            <p>\n              Some Description\n            </p>\n          </div>\n        </div>\n      </div>\n    </div>\n  </div>\n</div>\n";

exports["Comment renders standard 1"] = "\n<div\n  className=\"ui segment\"\n>\n  <div\n    className=\"ui dividing header\"\n  >\n    Standard\n  </div>\n  <div\n    className=\"ui form   css-1mu481t-form\"\n    data-control=\"Form\"\n  >\n    <div\n      data-control=\"Stack\"\n    >\n      <div\n        className=\"css-eoi0db-item-column\"\n      >\n        <div\n          data-control=\"CommentWrapper\"\n        >\n          <label\n            className=\"css-oje2h3\"\n          >\n            Description\n          </label>\n          <div\n            className=\"ui red icon message\"\n            data-control=\"Comment\"\n          >\n            <i\n              aria-hidden=\"true\"\n              className=\"doctor icon\"\n              onClick={[Function]}\n            />\n            <div\n              className=\"content\"\n            >\n              <p>\n                Some Description\n              </p>\n            </div>\n          </div>\n        </div>\n      </div>\n      <div\n        className=\"css-eoi0db-item-column\"\n      >\n        <div\n          data-control=\"CommentWrapper\"\n        >\n          <label\n            className=\"css-oje2h3\"\n          >\n            Description\n          </label>\n          <div\n            className=\"ui yellow icon message\"\n            data-control=\"Comment\"\n          >\n            <i\n              aria-hidden=\"true\"\n              className=\"comment outline icon\"\n              onClick={[Function]}\n            />\n            <div\n              className=\"content\"\n            >\n              <div\n                className=\"header\"\n              >\n                This is header\n              </div>\n              <p>\n                Direct description\n              </p>\n            </div>\n          </div>\n        </div>\n      </div>\n    </div>\n  </div>\n</div>\n";

exports["Comment renders editor 1"] = "\n<div\n  className=\"ui segment\"\n>\n  <div\n    className=\"ui dividing header\"\n  >\n    Editor\n  </div>\n  <div\n    style={\n      Object {\n        \"display\": \"flex\",\n      }\n    }\n  >\n    <div\n      style={\n        Object {\n          \"flex\": \"1\",\n        }\n      }\n    >\n      <div\n        className=\"ui form   css-1mu481t-form\"\n        data-control=\"Form\"\n        id=\"3\"\n      >\n        <div\n          className=\"css-1q7g8br\"\n          data-control=\"Stack\"\n          data-editor=\"isEditor\"\n          id=\"2\"\n          layout=\"column\"\n          onClick={[Function]}\n          onDragEnd={[Function]}\n          onDragLeave={[Function]}\n          onDragOver={[Function]}\n          onDrop={[Function]}\n          onMouseOut={[Function]}\n          onMouseOver={[Function]}\n        >\n          <div\n            className=\"css-itj7i2-item-column\"\n          >\n            <div\n              data-control=\"CommentWrapper\"\n              onMouseOut={[Function]}\n              onMouseOver={[Function]}\n            >\n              <label\n                className=\"css-oje2h3\"\n                htmlFor=\"0\"\n              >\n                Description\n              </label>\n              <div\n                className=\"ui red icon message\"\n                data-control=\"Comment\"\n                id=\"0\"\n                onClick={[Function]}\n              >\n                <i\n                  aria-hidden=\"true\"\n                  className=\"doctor icon\"\n                  onClick={[Function]}\n                />\n                <div\n                  className=\"content\"\n                >\n                  <p>\n                    Some Description\n                  </p>\n                </div>\n              </div>\n            </div>\n          </div>\n          <div\n            className=\"css-itj7i2-item-column\"\n          >\n            <div\n              data-control=\"CommentWrapper\"\n              onMouseOut={[Function]}\n              onMouseOver={[Function]}\n            >\n              <label\n                className=\"css-oje2h3\"\n                htmlFor=\"1\"\n              >\n                Description\n              </label>\n              <div\n                className=\"ui yellow icon message\"\n                data-control=\"Comment\"\n                id=\"1\"\n                onClick={[Function]}\n              >\n                <i\n                  aria-hidden=\"true\"\n                  className=\"comment outline icon\"\n                  onClick={[Function]}\n                />\n                <div\n                  className=\"content\"\n                >\n                  <div\n                    className=\"header\"\n                  >\n                    This is header\n                  </div>\n                  <p>\n                    Direct description\n                  </p>\n                </div>\n              </div>\n            </div>\n          </div>\n        </div>\n      </div>\n    </div>\n  </div>\n</div>\n";

