exports["Dropdown renders standard 1"] = "\n<div\n  className=\"ui segment\"\n>\n  <div\n    className=\"ui dividing header\"\n  >\n    Standard\n  </div>\n  <div\n    className=\"ui form   css-1mu481t-form\"\n    data-control=\"Form\"\n  >\n    <div\n      data-control=\"Stack\"\n    >\n      <div\n        className=\"css-eoi0db-item-column\"\n      >\n        <div\n          aria-expanded={false}\n          className=\"ui dropdown\"\n          data-control=\"Dropdown\"\n          onBlur={[Function]}\n          onChange={[Function]}\n          onClick={[Function]}\n          onFocus={[Function]}\n          onMouseDown={[Function]}\n          role=\"listbox\"\n          tabIndex={0}\n        >\n          <div\n            aria-atomic={true}\n            aria-live=\"polite\"\n            className=\"text\"\n            role=\"alert\"\n          >\n            Dropdown\n          </div>\n          <i\n            aria-hidden=\"true\"\n            className=\"dropdown icon\"\n            onClick={[Function]}\n          />\n          <div\n            className=\"menu transition\"\n          >\n            <div\n              className=\"item\"\n              data-name=\"first\"\n              data-value=\"First\"\n              onClick={[Function]}\n              role=\"option\"\n            >\n              <div\n                dangerouslySetInnerHTML={\n                  Object {\n                    \"__html\": \"First\",\n                  }\n                }\n                data-control=\"Text\"\n              />\n            </div>\n            <div\n              className=\"item\"\n              data-name=\"second\"\n              data-value=\"Second\"\n              onClick={[Function]}\n              role=\"option\"\n            >\n              <div\n                dangerouslySetInnerHTML={\n                  Object {\n                    \"__html\": \"Second\",\n                  }\n                }\n                data-control=\"Text\"\n              />\n            </div>\n          </div>\n        </div>\n      </div>\n      <div\n        className=\"css-eoi0db-item-column\"\n      >\n        <div\n          dangerouslySetInnerHTML={\n            Object {\n              \"__html\": \"Pre-Selected\",\n            }\n          }\n          data-control=\"Text\"\n        />\n      </div>\n      <div\n        className=\"css-eoi0db-item-column\"\n      >\n        <div\n          aria-busy={false}\n          aria-expanded={false}\n          className=\"ui selection dropdown\"\n          data-control=\"Dropdown\"\n          onBlur={[Function]}\n          onChange={[Function]}\n          onClick={[Function]}\n          onFocus={[Function]}\n          onMouseDown={[Function]}\n          role=\"listbox\"\n          tabIndex={0}\n        >\n          <div\n            aria-atomic={true}\n            aria-live=\"polite\"\n            className=\"text\"\n            role=\"alert\"\n          >\n            Second\n          </div>\n          <i\n            aria-hidden=\"true\"\n            className=\"dropdown icon\"\n            onClick={[Function]}\n          />\n          <div\n            className=\"menu transition\"\n          >\n            <div\n              aria-checked={false}\n              aria-selected={false}\n              className=\"item\"\n              onClick={[Function]}\n              role=\"option\"\n              style={\n                Object {\n                  \"pointerEvents\": \"all\",\n                }\n              }\n            >\n              <span\n                className=\"text\"\n              >\n                First\n              </span>\n            </div>\n            <div\n              aria-checked={true}\n              aria-selected={true}\n              className=\"active selected item\"\n              onClick={[Function]}\n              role=\"option\"\n              style={\n                Object {\n                  \"pointerEvents\": \"all\",\n                }\n              }\n            >\n              <span\n                className=\"text\"\n              >\n                Second\n              </span>\n            </div>\n          </div>\n        </div>\n      </div>\n      <div\n        className=\"css-eoi0db-item-column\"\n      >\n        <div\n          dangerouslySetInnerHTML={\n            Object {\n              \"__html\": \"Bound\",\n            }\n          }\n          data-control=\"Text\"\n        />\n      </div>\n      <div\n        className=\"css-eoi0db-item-column\"\n      >\n        <div\n          aria-busy={false}\n          aria-expanded={false}\n          className=\"ui selection dropdown\"\n          data-control=\"Dropdown\"\n          onBlur={[Function]}\n          onChange={[Function]}\n          onClick={[Function]}\n          onFocus={[Function]}\n          onMouseDown={[Function]}\n          role=\"listbox\"\n          tabIndex={0}\n        >\n          <div\n            aria-atomic={true}\n            aria-live=\"polite\"\n            className=\"text\"\n            role=\"alert\"\n          >\n            Valeria\n          </div>\n          <i\n            aria-hidden=\"true\"\n            className=\"dropdown icon\"\n            onClick={[Function]}\n          />\n          <div\n            className=\"menu transition\"\n          >\n            <div\n              aria-checked={false}\n              aria-selected={false}\n              className=\"item\"\n              errors={Object {}}\n              onClick={[Function]}\n              role=\"option\"\n              style={\n                Object {\n                  \"pointerEvents\": \"all\",\n                }\n              }\n            >\n              <span\n                className=\"text\"\n              >\n                Tomi\n              </span>\n            </div>\n            <div\n              aria-checked={true}\n              aria-selected={true}\n              className=\"active selected item\"\n              errors={Object {}}\n              onClick={[Function]}\n              role=\"option\"\n              style={\n                Object {\n                  \"pointerEvents\": \"all\",\n                }\n              }\n            >\n              <span\n                className=\"text\"\n              >\n                Valeria\n              </span>\n            </div>\n          </div>\n        </div>\n      </div>\n      <div\n        className=\"css-eoi0db-item-column\"\n      >\n        <div\n          dangerouslySetInnerHTML={\n            Object {\n              \"__html\": \"Filtered\",\n            }\n          }\n          data-control=\"Text\"\n        />\n      </div>\n      <div\n        className=\"css-eoi0db-item-column\"\n      >\n        <div\n          data-control=\"DropdownWrapper\"\n        >\n          <label\n            className=\"css-oje2h3\"\n          >\n            Country\n          </label>\n          <div\n            aria-busy={false}\n            aria-expanded={false}\n            className=\"ui search selection dropdown\"\n            data-control=\"Dropdown\"\n            onBlur={[Function]}\n            onChange={[Function]}\n            onClick={[Function]}\n            onFocus={[Function]}\n            onMouseDown={[Function]}\n            role=\"combobox\"\n          >\n            <input\n              aria-autocomplete=\"list\"\n              autoComplete=\"off\"\n              className=\"search\"\n              onChange={[Function]}\n              style={\n                Object {\n                  \"width\": undefined,\n                }\n              }\n              tabIndex={0}\n              type=\"text\"\n              value=\"\"\n            />\n            <div\n              aria-atomic={true}\n              aria-live=\"polite\"\n              className=\"text\"\n              role=\"alert\"\n            >\n              Slovakia\n            </div>\n            <i\n              aria-hidden=\"true\"\n              className=\"dropdown icon\"\n              onClick={[Function]}\n            />\n            <div\n              className=\"menu transition\"\n              role=\"listbox\"\n            >\n              <div\n                aria-checked={false}\n                aria-selected={false}\n                className=\"item\"\n                onClick={[Function]}\n                role=\"option\"\n                style={\n                  Object {\n                    \"pointerEvents\": \"all\",\n                  }\n                }\n              >\n                <span\n                  className=\"text\"\n                >\n                  Australia\n                </span>\n              </div>\n              <div\n                aria-checked={true}\n                aria-selected={true}\n                className=\"active selected item\"\n                onClick={[Function]}\n                role=\"option\"\n                style={\n                  Object {\n                    \"pointerEvents\": \"all\",\n                  }\n                }\n              >\n                <span\n                  className=\"text\"\n                >\n                  Slovakia\n                </span>\n              </div>\n            </div>\n          </div>\n        </div>\n      </div>\n      <div\n        className=\"css-eoi0db-item-column\"\n      >\n        <div\n          data-control=\"DropdownWrapper\"\n        >\n          <label\n            className=\"css-oje2h3\"\n          >\n            City\n          </label>\n          <div\n            aria-busy={false}\n            aria-expanded={false}\n            className=\"ui search selection dropdown\"\n            data-control=\"Dropdown\"\n            onBlur={[Function]}\n            onChange={[Function]}\n            onClick={[Function]}\n            onFocus={[Function]}\n            onMouseDown={[Function]}\n            role=\"combobox\"\n          >\n            <input\n              aria-autocomplete=\"list\"\n              autoComplete=\"off\"\n              className=\"search\"\n              onChange={[Function]}\n              style={\n                Object {\n                  \"width\": undefined,\n                }\n              }\n              tabIndex={0}\n              type=\"text\"\n              value=\"\"\n            />\n            <div\n              aria-atomic={true}\n              aria-live=\"polite\"\n              className=\"text\"\n              role=\"alert\"\n            >\n              Kosice\n            </div>\n            <i\n              aria-hidden=\"true\"\n              className=\"dropdown icon\"\n              onClick={[Function]}\n            />\n            <div\n              className=\"menu transition\"\n              role=\"listbox\"\n            >\n              <div\n                aria-checked={true}\n                aria-selected={true}\n                className=\"active selected item\"\n                country=\"SK\"\n                onClick={[Function]}\n                role=\"option\"\n                style={\n                  Object {\n                    \"pointerEvents\": \"all\",\n                  }\n                }\n              >\n                <span\n                  className=\"text\"\n                >\n                  Kosice\n                </span>\n              </div>\n              <div\n                aria-checked={false}\n                aria-selected={false}\n                className=\"item\"\n                country=\"SK\"\n                onClick={[Function]}\n                role=\"option\"\n                style={\n                  Object {\n                    \"pointerEvents\": \"all\",\n                  }\n                }\n              >\n                <span\n                  className=\"text\"\n                >\n                  Bratislava\n                </span>\n              </div>\n            </div>\n          </div>\n        </div>\n      </div>\n      <div\n        className=\"css-eoi0db-item-column\"\n      >\n        <div\n          data-control=\"DropdownWrapper\"\n        >\n          <label\n            className=\"css-oje2h3\"\n          >\n            Sync\n          </label>\n          <div\n            aria-busy={false}\n            aria-expanded={false}\n            className=\"ui selection dropdown\"\n            data-control=\"Dropdown\"\n            onBlur={[Function]}\n            onChange={[Function]}\n            onClick={[Function]}\n            onFocus={[Function]}\n            onMouseDown={[Function]}\n            role=\"listbox\"\n            tabIndex={0}\n          >\n            <div\n              aria-atomic={true}\n              aria-live=\"polite\"\n              className=\"text\"\n              role=\"alert\"\n            />\n            <i\n              aria-hidden=\"true\"\n              className=\"dropdown icon\"\n              onClick={[Function]}\n            />\n            <div\n              className=\"menu transition\"\n            />\n          </div>\n        </div>\n      </div>\n      <div\n        className=\"css-eoi0db-item-column\"\n      >\n        <div\n          data-control=\"DropdownWrapper\"\n        >\n          <label\n            className=\"css-oje2h3\"\n          >\n            Async\n          </label>\n          <div\n            aria-busy={false}\n            aria-expanded={false}\n            className=\"ui selection dropdown\"\n            data-control=\"Dropdown\"\n            onBlur={[Function]}\n            onChange={[Function]}\n            onClick={[Function]}\n            onFocus={[Function]}\n            onMouseDown={[Function]}\n            role=\"listbox\"\n            tabIndex={0}\n          >\n            <div\n              aria-atomic={true}\n              aria-live=\"polite\"\n              className=\"text\"\n              role=\"alert\"\n            />\n            <i\n              aria-hidden=\"true\"\n              className=\"dropdown icon\"\n              onClick={[Function]}\n            />\n            <div\n              className=\"menu transition\"\n            />\n          </div>\n        </div>\n      </div>\n      <div\n        className=\"css-eoi0db-item-column\"\n      >\n        <div\n          className=\"ui menu\"\n          data-control=\"Menu\"\n        >\n          <div\n            aria-busy={false}\n            aria-expanded={false}\n            className=\"ui item dropdown\"\n            data-control=\"Dropdown\"\n            onBlur={[Function]}\n            onChange={[Function]}\n            onClick={[Function]}\n            onFocus={[Function]}\n            onMouseDown={[Function]}\n            role=\"listbox\"\n            tabIndex={0}\n          >\n            <div\n              aria-atomic={true}\n              aria-live=\"polite\"\n              className=\"text\"\n              role=\"alert\"\n            >\n              Valeria\n            </div>\n            <i\n              aria-hidden=\"true\"\n              className=\"dropdown icon\"\n              onClick={[Function]}\n            />\n            <div\n              className=\"menu transition\"\n            >\n              <div\n                aria-checked={false}\n                aria-selected={false}\n                className=\"item\"\n                errors={Object {}}\n                onClick={[Function]}\n                role=\"option\"\n                style={\n                  Object {\n                    \"pointerEvents\": \"all\",\n                  }\n                }\n              >\n                <span\n                  className=\"text\"\n                >\n                  Tomi\n                </span>\n              </div>\n              <div\n                aria-checked={true}\n                aria-selected={true}\n                className=\"active selected item\"\n                errors={Object {}}\n                onClick={[Function]}\n                role=\"option\"\n                style={\n                  Object {\n                    \"pointerEvents\": \"all\",\n                  }\n                }\n              >\n                <span\n                  className=\"text\"\n                >\n                  Valeria\n                </span>\n              </div>\n            </div>\n          </div>\n          <div\n            aria-busy={false}\n            aria-expanded={false}\n            className=\"ui item dropdown\"\n            data-control=\"Dropdown\"\n            onBlur={[Function]}\n            onChange={[Function]}\n            onClick={[Function]}\n            onFocus={[Function]}\n            onMouseDown={[Function]}\n            role=\"listbox\"\n            tabIndex={0}\n          >\n            <div\n              aria-atomic={true}\n              aria-live=\"polite\"\n              className=\"text\"\n              role=\"alert\"\n            />\n            <i\n              aria-hidden=\"true\"\n              className=\"dropdown icon\"\n              onClick={[Function]}\n            />\n            <div\n              className=\"menu transition\"\n            />\n          </div>\n        </div>\n      </div>\n    </div>\n  </div>\n</div>\n";

exports["Dropdown renders editor 1"] = "\n<div\n  className=\"ui segment\"\n>\n  <div\n    className=\"ui dividing header\"\n  >\n    Editor\n  </div>\n  <div\n    style={\n      Object {\n        \"display\": \"flex\",\n      }\n    }\n  >\n    <div\n      style={\n        Object {\n          \"flex\": \"1\",\n        }\n      }\n    >\n      <div\n        className=\"ui form   css-1mu481t-form\"\n        data-control=\"Form\"\n        id=\"16\"\n      >\n        <div\n          className=\"css-1q7g8br\"\n          data-control=\"Stack\"\n          data-editor=\"isEditor\"\n          id=\"15\"\n          layout=\"column\"\n          onClick={[Function]}\n          onDragEnd={[Function]}\n          onDragLeave={[Function]}\n          onDragOver={[Function]}\n          onDrop={[Function]}\n          onMouseOut={[Function]}\n          onMouseOver={[Function]}\n        >\n          <div\n            className=\"css-itj7i2-item-column\"\n          >\n            <div\n              aria-expanded={false}\n              className=\"ui dropdown\"\n              data-control=\"Dropdown\"\n              id=\"2\"\n              onBlur={[Function]}\n              onChange={[Function]}\n              onClick={[Function]}\n              onFocus={[Function]}\n              onMouseDown={[Function]}\n              onMouseOut={[Function]}\n              onMouseOver={[Function]}\n              role=\"listbox\"\n              tabIndex={0}\n            >\n              <div\n                aria-atomic={true}\n                aria-live=\"polite\"\n                className=\"text\"\n                role=\"alert\"\n              >\n                Dropdown\n              </div>\n              <i\n                aria-hidden=\"true\"\n                className=\"dropdown icon\"\n                onClick={[Function]}\n              />\n              <div\n                className=\"menu transition\"\n              >\n                <div\n                  className=\"item\"\n                  data-name=\"first\"\n                  data-value=\"First\"\n                  onClick={[Function]}\n                  role=\"option\"\n                >\n                  <div\n                    dangerouslySetInnerHTML={\n                      Object {\n                        \"__html\": \"First\",\n                      }\n                    }\n                    data-control=\"Text\"\n                    id=\"0\"\n                    onClick={[Function]}\n                    onMouseOut={[Function]}\n                    onMouseOver={[Function]}\n                  />\n                </div>\n                <div\n                  className=\"item\"\n                  data-name=\"second\"\n                  data-value=\"Second\"\n                  onClick={[Function]}\n                  role=\"option\"\n                >\n                  <div\n                    dangerouslySetInnerHTML={\n                      Object {\n                        \"__html\": \"Second\",\n                      }\n                    }\n                    data-control=\"Text\"\n                    id=\"1\"\n                    onClick={[Function]}\n                    onMouseOut={[Function]}\n                    onMouseOver={[Function]}\n                  />\n                </div>\n              </div>\n            </div>\n          </div>\n          <div\n            className=\"css-itj7i2-item-column\"\n          >\n            <div\n              dangerouslySetInnerHTML={\n                Object {\n                  \"__html\": \"Pre-Selected\",\n                }\n              }\n              data-control=\"Text\"\n              id=\"3\"\n              onClick={[Function]}\n              onMouseOut={[Function]}\n              onMouseOver={[Function]}\n            />\n          </div>\n          <div\n            className=\"css-itj7i2-item-column\"\n          >\n            <div\n              aria-busy={false}\n              aria-expanded={false}\n              className=\"ui selection dropdown\"\n              data-control=\"Dropdown\"\n              id=\"4\"\n              onBlur={[Function]}\n              onChange={[Function]}\n              onClick={[Function]}\n              onFocus={[Function]}\n              onMouseDown={[Function]}\n              onMouseOut={[Function]}\n              onMouseOver={[Function]}\n              role=\"listbox\"\n              tabIndex={0}\n            >\n              <div\n                aria-atomic={true}\n                aria-live=\"polite\"\n                className=\"text\"\n                role=\"alert\"\n              >\n                Second\n              </div>\n              <i\n                aria-hidden=\"true\"\n                className=\"dropdown icon\"\n                onClick={[Function]}\n              />\n              <div\n                className=\"menu transition\"\n              >\n                <div\n                  aria-checked={false}\n                  aria-selected={false}\n                  className=\"item\"\n                  errors={Object {}}\n                  onClick={[Function]}\n                  role=\"option\"\n                  style={\n                    Object {\n                      \"pointerEvents\": \"all\",\n                    }\n                  }\n                >\n                  <span\n                    className=\"text\"\n                  >\n                    First\n                  </span>\n                </div>\n                <div\n                  aria-checked={true}\n                  aria-selected={true}\n                  className=\"active selected item\"\n                  errors={Object {}}\n                  onClick={[Function]}\n                  role=\"option\"\n                  style={\n                    Object {\n                      \"pointerEvents\": \"all\",\n                    }\n                  }\n                >\n                  <span\n                    className=\"text\"\n                  >\n                    Second\n                  </span>\n                </div>\n              </div>\n            </div>\n          </div>\n          <div\n            className=\"css-itj7i2-item-column\"\n          >\n            <div\n              dangerouslySetInnerHTML={\n                Object {\n                  \"__html\": \"Bound\",\n                }\n              }\n              data-control=\"Text\"\n              id=\"5\"\n              onClick={[Function]}\n              onMouseOut={[Function]}\n              onMouseOver={[Function]}\n            />\n          </div>\n          <div\n            className=\"css-itj7i2-item-column\"\n          >\n            <div\n              aria-busy={false}\n              aria-expanded={false}\n              className=\"ui selection dropdown\"\n              data-control=\"Dropdown\"\n              id=\"6\"\n              onBlur={[Function]}\n              onChange={[Function]}\n              onClick={[Function]}\n              onFocus={[Function]}\n              onMouseDown={[Function]}\n              onMouseOut={[Function]}\n              onMouseOver={[Function]}\n              role=\"listbox\"\n              tabIndex={0}\n            >\n              <div\n                aria-atomic={true}\n                aria-live=\"polite\"\n                className=\"text\"\n                role=\"alert\"\n              >\n                Valeria\n              </div>\n              <i\n                aria-hidden=\"true\"\n                className=\"dropdown icon\"\n                onClick={[Function]}\n              />\n              <div\n                className=\"menu transition\"\n              >\n                <div\n                  aria-checked={false}\n                  aria-selected={false}\n                  className=\"item\"\n                  errors={Object {}}\n                  onClick={[Function]}\n                  role=\"option\"\n                  style={\n                    Object {\n                      \"pointerEvents\": \"all\",\n                    }\n                  }\n                >\n                  <span\n                    className=\"text\"\n                  >\n                    Tomi\n                  </span>\n                </div>\n                <div\n                  aria-checked={true}\n                  aria-selected={true}\n                  className=\"active selected item\"\n                  errors={Object {}}\n                  onClick={[Function]}\n                  role=\"option\"\n                  style={\n                    Object {\n                      \"pointerEvents\": \"all\",\n                    }\n                  }\n                >\n                  <span\n                    className=\"text\"\n                  >\n                    Valeria\n                  </span>\n                </div>\n              </div>\n            </div>\n          </div>\n          <div\n            className=\"css-itj7i2-item-column\"\n          >\n            <div\n              dangerouslySetInnerHTML={\n                Object {\n                  \"__html\": \"Filtered\",\n                }\n              }\n              data-control=\"Text\"\n              id=\"7\"\n              onClick={[Function]}\n              onMouseOut={[Function]}\n              onMouseOver={[Function]}\n            />\n          </div>\n          <div\n            className=\"css-itj7i2-item-column\"\n          >\n            <div\n              data-control=\"DropdownWrapper\"\n              onMouseOut={[Function]}\n              onMouseOver={[Function]}\n            >\n              <label\n                className=\"css-oje2h3\"\n                htmlFor=\"8\"\n              >\n                Country\n              </label>\n              <div\n                aria-busy={false}\n                aria-expanded={false}\n                className=\"ui search selection dropdown\"\n                data-control=\"Dropdown\"\n                id=\"8\"\n                onBlur={[Function]}\n                onChange={[Function]}\n                onClick={[Function]}\n                onFocus={[Function]}\n                onMouseDown={[Function]}\n                role=\"combobox\"\n              >\n                <input\n                  aria-autocomplete=\"list\"\n                  autoComplete=\"off\"\n                  className=\"search\"\n                  onChange={[Function]}\n                  style={\n                    Object {\n                      \"width\": undefined,\n                    }\n                  }\n                  tabIndex={0}\n                  type=\"text\"\n                  value=\"\"\n                />\n                <div\n                  aria-atomic={true}\n                  aria-live=\"polite\"\n                  className=\"text\"\n                  role=\"alert\"\n                >\n                  Slovakia\n                </div>\n                <i\n                  aria-hidden=\"true\"\n                  className=\"dropdown icon\"\n                  onClick={[Function]}\n                />\n                <div\n                  className=\"menu transition\"\n                  role=\"listbox\"\n                >\n                  <div\n                    aria-checked={false}\n                    aria-selected={false}\n                    className=\"item\"\n                    onClick={[Function]}\n                    role=\"option\"\n                    style={\n                      Object {\n                        \"pointerEvents\": \"all\",\n                      }\n                    }\n                  >\n                    <span\n                      className=\"text\"\n                    >\n                      Australia\n                    </span>\n                  </div>\n                  <div\n                    aria-checked={true}\n                    aria-selected={true}\n                    className=\"active selected item\"\n                    onClick={[Function]}\n                    role=\"option\"\n                    style={\n                      Object {\n                        \"pointerEvents\": \"all\",\n                      }\n                    }\n                  >\n                    <span\n                      className=\"text\"\n                    >\n                      Slovakia\n                    </span>\n                  </div>\n                </div>\n              </div>\n            </div>\n          </div>\n          <div\n            className=\"css-itj7i2-item-column\"\n          >\n            <div\n              data-control=\"DropdownWrapper\"\n              onMouseOut={[Function]}\n              onMouseOver={[Function]}\n            >\n              <label\n                className=\"css-oje2h3\"\n                htmlFor=\"9\"\n              >\n                City\n              </label>\n              <div\n                aria-busy={false}\n                aria-expanded={false}\n                className=\"ui search selection dropdown\"\n                data-control=\"Dropdown\"\n                id=\"9\"\n                onBlur={[Function]}\n                onChange={[Function]}\n                onClick={[Function]}\n                onFocus={[Function]}\n                onMouseDown={[Function]}\n                role=\"combobox\"\n              >\n                <input\n                  aria-autocomplete=\"list\"\n                  autoComplete=\"off\"\n                  className=\"search\"\n                  onChange={[Function]}\n                  style={\n                    Object {\n                      \"width\": undefined,\n                    }\n                  }\n                  tabIndex={0}\n                  type=\"text\"\n                  value=\"\"\n                />\n                <div\n                  aria-atomic={true}\n                  aria-live=\"polite\"\n                  className=\"text\"\n                  role=\"alert\"\n                >\n                  Kosice\n                </div>\n                <i\n                  aria-hidden=\"true\"\n                  className=\"dropdown icon\"\n                  onClick={[Function]}\n                />\n                <div\n                  className=\"menu transition\"\n                  role=\"listbox\"\n                >\n                  <div\n                    aria-checked={true}\n                    aria-selected={true}\n                    className=\"active selected item\"\n                    country=\"SK\"\n                    onClick={[Function]}\n                    role=\"option\"\n                    style={\n                      Object {\n                        \"pointerEvents\": \"all\",\n                      }\n                    }\n                  >\n                    <span\n                      className=\"text\"\n                    >\n                      Kosice\n                    </span>\n                  </div>\n                  <div\n                    aria-checked={false}\n                    aria-selected={false}\n                    className=\"item\"\n                    country=\"SK\"\n                    onClick={[Function]}\n                    role=\"option\"\n                    style={\n                      Object {\n                        \"pointerEvents\": \"all\",\n                      }\n                    }\n                  >\n                    <span\n                      className=\"text\"\n                    >\n                      Bratislava\n                    </span>\n                  </div>\n                </div>\n              </div>\n            </div>\n          </div>\n          <div\n            className=\"css-itj7i2-item-column\"\n          >\n            <div\n              data-control=\"DropdownWrapper\"\n              onMouseOut={[Function]}\n              onMouseOver={[Function]}\n            >\n              <label\n                className=\"css-oje2h3\"\n                htmlFor=\"10\"\n              >\n                Sync\n              </label>\n              <div\n                aria-busy={false}\n                aria-expanded={false}\n                className=\"ui selection dropdown\"\n                data-control=\"Dropdown\"\n                id=\"10\"\n                onBlur={[Function]}\n                onChange={[Function]}\n                onClick={[Function]}\n                onFocus={[Function]}\n                onMouseDown={[Function]}\n                role=\"listbox\"\n                tabIndex={0}\n              >\n                <div\n                  aria-atomic={true}\n                  aria-live=\"polite\"\n                  className=\"text\"\n                  role=\"alert\"\n                />\n                <i\n                  aria-hidden=\"true\"\n                  className=\"dropdown icon\"\n                  onClick={[Function]}\n                />\n                <div\n                  className=\"menu transition\"\n                />\n              </div>\n            </div>\n          </div>\n          <div\n            className=\"css-itj7i2-item-column\"\n          >\n            <div\n              data-control=\"DropdownWrapper\"\n              onMouseOut={[Function]}\n              onMouseOver={[Function]}\n            >\n              <label\n                className=\"css-oje2h3\"\n                htmlFor=\"11\"\n              >\n                Async\n              </label>\n              <div\n                aria-busy={false}\n                aria-expanded={false}\n                className=\"ui selection dropdown\"\n                data-control=\"Dropdown\"\n                id=\"11\"\n                onBlur={[Function]}\n                onChange={[Function]}\n                onClick={[Function]}\n                onFocus={[Function]}\n                onMouseDown={[Function]}\n                role=\"listbox\"\n                tabIndex={0}\n              >\n                <div\n                  aria-atomic={true}\n                  aria-live=\"polite\"\n                  className=\"text\"\n                  role=\"alert\"\n                />\n                <i\n                  aria-hidden=\"true\"\n                  className=\"dropdown icon\"\n                  onClick={[Function]}\n                />\n                <div\n                  className=\"menu transition\"\n                />\n              </div>\n            </div>\n          </div>\n          <div\n            className=\"css-itj7i2-item-column\"\n          >\n            <div\n              className=\"ui css-1q7g8br menu\"\n              data-control=\"Menu\"\n              data-editor=\"isEditor\"\n              id=\"14\"\n              layout=\"row\"\n              onClick={[Function]}\n              onDragEnd={[Function]}\n              onDragLeave={[Function]}\n              onDragOver={[Function]}\n              onDrop={[Function]}\n              onMouseOut={[Function]}\n              onMouseOver={[Function]}\n            >\n              <div\n                aria-busy={false}\n                aria-expanded={false}\n                className=\"ui item dropdown\"\n                data-control=\"Dropdown\"\n                id=\"12\"\n                onBlur={[Function]}\n                onChange={[Function]}\n                onClick={[Function]}\n                onFocus={[Function]}\n                onMouseDown={[Function]}\n                onMouseOut={[Function]}\n                onMouseOver={[Function]}\n                role=\"listbox\"\n                tabIndex={0}\n              >\n                <div\n                  aria-atomic={true}\n                  aria-live=\"polite\"\n                  className=\"text\"\n                  role=\"alert\"\n                >\n                  Valeria\n                </div>\n                <i\n                  aria-hidden=\"true\"\n                  className=\"dropdown icon\"\n                  onClick={[Function]}\n                />\n                <div\n                  className=\"menu transition\"\n                >\n                  <div\n                    aria-checked={false}\n                    aria-selected={false}\n                    className=\"item\"\n                    errors={Object {}}\n                    onClick={[Function]}\n                    role=\"option\"\n                    style={\n                      Object {\n                        \"pointerEvents\": \"all\",\n                      }\n                    }\n                  >\n                    <span\n                      className=\"text\"\n                    >\n                      Tomi\n                    </span>\n                  </div>\n                  <div\n                    aria-checked={true}\n                    aria-selected={true}\n                    className=\"active selected item\"\n                    errors={Object {}}\n                    onClick={[Function]}\n                    role=\"option\"\n                    style={\n                      Object {\n                        \"pointerEvents\": \"all\",\n                      }\n                    }\n                  >\n                    <span\n                      className=\"text\"\n                    >\n                      Valeria\n                    </span>\n                  </div>\n                </div>\n              </div>\n              <div\n                aria-busy={false}\n                aria-expanded={false}\n                className=\"ui item dropdown\"\n                data-control=\"Dropdown\"\n                id=\"13\"\n                onBlur={[Function]}\n                onChange={[Function]}\n                onClick={[Function]}\n                onFocus={[Function]}\n                onMouseDown={[Function]}\n                onMouseOut={[Function]}\n                onMouseOver={[Function]}\n                role=\"listbox\"\n                tabIndex={0}\n              >\n                <div\n                  aria-atomic={true}\n                  aria-live=\"polite\"\n                  className=\"text\"\n                  role=\"alert\"\n                />\n                <i\n                  aria-hidden=\"true\"\n                  className=\"dropdown icon\"\n                  onClick={[Function]}\n                />\n                <div\n                  className=\"menu transition\"\n                />\n              </div>\n            </div>\n          </div>\n        </div>\n      </div>\n    </div>\n  </div>\n</div>\n";

