exports["Input changes value and all related formulas 1"] = "\n<div\n  className=\"ui segment ui form\"\n>\n  <div\n    className=\"ui dividing header\"\n  >\n    Standard\n  </div>\n  <div\n    className=\"ui form \"\n  >\n    <div\n      className=\"fields\"\n    >\n      <div\n        className=\"fourteen wide field\"\n      >\n        <label\n          htmlFor=\"name\"\n        >\n          Mimo\n        </label>\n        <div\n          className=\"ui labeled input\"\n        >\n          <div\n            className=\"ui label label\"\n            onClick={[Function]}\n          >\n            Name\n          </div>\n          <input\n            name=\"name\"\n            onChange={[Function]}\n            type=\"text\"\n            value=\"Tomas\"\n          />\n        </div>\n      </div>\n      <div\n        className=\"two wide field\"\n      >\n        <label\n          htmlFor=\"older\"\n        >\n          Older\n        </label>\n        <div\n          className=\"ui input\"\n        >\n          <input\n            name=\"older\"\n            onChange={[Function]}\n            type=\"text\"\n            value={50}\n          />\n        </div>\n      </div>\n    </div>\n    <div\n      className=\"fields\"\n    >\n      <div\n        className=\"one wide field\"\n      >\n         \n      </div>\n      <div\n        className=\"inline field\"\n      >\n        <label\n          htmlFor=\"age\"\n        >\n          Age: \n        </label>\n        <div\n          className=\"ui input\"\n        >\n          <input\n            name=\"age\"\n            onChange={[Function]}\n            type=\"text\"\n            value={40}\n          />\n        </div>\n      </div>\n      <div\n        className=\"two wide field\"\n      >\n         \n      </div>\n      <div\n        className=\"inline field\"\n      >\n        <label\n          htmlFor=\"younger\"\n        >\n          Younger:\n        </label>\n        <div\n          className=\"ui input\"\n        >\n          <input\n            name=\"younger\"\n            onChange={[Function]}\n            type=\"text\"\n            value={20}\n          />\n        </div>\n      </div>\n    </div>\n  </div>\n  <div\n    className=\"ui dividing header\"\n  >\n    Readonly\n  </div>\n  <div\n    className=\"ui form form-Abfdcefijjc\"\n  >\n    <div\n      className=\"fields\"\n    >\n      <div\n        className=\"fourteen wide field\"\n      >\n        <label\n          htmlFor=\"name\"\n        >\n          Mimo\n        </label>\n        <div\n          className=\"ui disabled labeled input\"\n        >\n          <div\n            className=\"ui label label\"\n            onClick={[Function]}\n          >\n            Name\n          </div>\n          <input\n            disabled={true}\n            name=\"name\"\n            onChange={[Function]}\n            tabIndex={-1}\n            type=\"text\"\n            value=\"Tomas\"\n          />\n        </div>\n      </div>\n      <div\n        className=\"two wide field\"\n      >\n        <label\n          htmlFor=\"older\"\n        >\n          Older\n        </label>\n        <div\n          className=\"ui disabled input\"\n        >\n          <input\n            disabled={true}\n            name=\"older\"\n            onChange={[Function]}\n            tabIndex={-1}\n            type=\"text\"\n            value={50}\n          />\n        </div>\n      </div>\n    </div>\n    <div\n      className=\"fields\"\n    >\n      <div\n        className=\"one wide field\"\n      >\n         \n      </div>\n      <div\n        className=\"inline field\"\n      >\n        <label\n          htmlFor=\"age\"\n        >\n          Age: \n        </label>\n        <div\n          className=\"ui disabled input\"\n        >\n          <input\n            disabled={true}\n            name=\"age\"\n            onChange={[Function]}\n            tabIndex={-1}\n            type=\"text\"\n            value={40}\n          />\n        </div>\n      </div>\n      <div\n        className=\"two wide field\"\n      >\n         \n      </div>\n      <div\n        className=\"inline field\"\n      >\n        <label\n          htmlFor=\"younger\"\n        >\n          Younger:\n        </label>\n        <div\n          className=\"ui disabled input\"\n        >\n          <input\n            disabled={true}\n            name=\"younger\"\n            onChange={[Function]}\n            tabIndex={-1}\n            type=\"text\"\n            value={20}\n          />\n        </div>\n      </div>\n    </div>\n  </div>\n</div>\n";

exports["Input renders correctly 1"] = "\n<div\n  className=\"ui segment ui form\"\n>\n  <div\n    className=\"ui dividing header\"\n  >\n    Standard\n  </div>\n  <div\n    className=\"ui form \"\n  >\n    <div\n      className=\"fields\"\n    >\n      <div\n        className=\"fourteen wide field\"\n      >\n        <label\n          htmlFor=\"name\"\n        >\n          Mimo\n        </label>\n        <div\n          className=\"ui labeled input\"\n        >\n          <div\n            className=\"ui label label\"\n            onClick={[Function]}\n          >\n            Name\n          </div>\n          <input\n            name=\"name\"\n            onChange={[Function]}\n            type=\"text\"\n            value=\"Tomas\"\n          />\n        </div>\n      </div>\n      <div\n        className=\"two wide field\"\n      >\n        <label\n          htmlFor=\"older\"\n        >\n          Older\n        </label>\n        <div\n          className=\"ui input\"\n        >\n          <input\n            name=\"older\"\n            onChange={[Function]}\n            type=\"text\"\n            value={43}\n          />\n        </div>\n      </div>\n    </div>\n    <div\n      className=\"fields\"\n    >\n      <div\n        className=\"one wide field\"\n      >\n         \n      </div>\n      <div\n        className=\"inline field\"\n      >\n        <label\n          htmlFor=\"age\"\n        >\n          Age: \n        </label>\n        <div\n          className=\"ui input\"\n        >\n          <input\n            name=\"age\"\n            onChange={[Function]}\n            type=\"text\"\n            value={33}\n          />\n        </div>\n      </div>\n      <div\n        className=\"two wide field\"\n      >\n         \n      </div>\n      <div\n        className=\"inline field\"\n      >\n        <label\n          htmlFor=\"younger\"\n        >\n          Younger:\n        </label>\n        <div\n          className=\"ui input\"\n        >\n          <input\n            name=\"younger\"\n            onChange={[Function]}\n            type=\"text\"\n            value={13}\n          />\n        </div>\n      </div>\n    </div>\n  </div>\n  <div\n    className=\"ui dividing header\"\n  >\n    Readonly\n  </div>\n  <div\n    className=\"ui form form-Abfdcefijjc\"\n  >\n    <div\n      className=\"fields\"\n    >\n      <div\n        className=\"fourteen wide field\"\n      >\n        <label\n          htmlFor=\"name\"\n        >\n          Mimo\n        </label>\n        <div\n          className=\"ui disabled labeled input\"\n        >\n          <div\n            className=\"ui label label\"\n            onClick={[Function]}\n          >\n            Name\n          </div>\n          <input\n            disabled={true}\n            name=\"name\"\n            onChange={[Function]}\n            tabIndex={-1}\n            type=\"text\"\n            value=\"Tomas\"\n          />\n        </div>\n      </div>\n      <div\n        className=\"two wide field\"\n      >\n        <label\n          htmlFor=\"older\"\n        >\n          Older\n        </label>\n        <div\n          className=\"ui disabled input\"\n        >\n          <input\n            disabled={true}\n            name=\"older\"\n            onChange={[Function]}\n            tabIndex={-1}\n            type=\"text\"\n            value={43}\n          />\n        </div>\n      </div>\n    </div>\n    <div\n      className=\"fields\"\n    >\n      <div\n        className=\"one wide field\"\n      >\n         \n      </div>\n      <div\n        className=\"inline field\"\n      >\n        <label\n          htmlFor=\"age\"\n        >\n          Age: \n        </label>\n        <div\n          className=\"ui disabled input\"\n        >\n          <input\n            disabled={true}\n            name=\"age\"\n            onChange={[Function]}\n            tabIndex={-1}\n            type=\"text\"\n            value={33}\n          />\n        </div>\n      </div>\n      <div\n        className=\"two wide field\"\n      >\n         \n      </div>\n      <div\n        className=\"inline field\"\n      >\n        <label\n          htmlFor=\"younger\"\n        >\n          Younger:\n        </label>\n        <div\n          className=\"ui disabled input\"\n        >\n          <input\n            disabled={true}\n            name=\"younger\"\n            onChange={[Function]}\n            tabIndex={-1}\n            type=\"text\"\n            value={13}\n          />\n        </div>\n      </div>\n    </div>\n  </div>\n</div>\n";

