exports["Menu Selection Side Menu renders tab menu 1"] = "\n<div\n  className=\"ui segment ui form\"\n>\n  <div\n    className=\"ui dividing header\"\n  >\n    Standard\n  </div>\n  <div\n    className=\"ui form \"\n  >\n    <div\n      className=\"fields\"\n    >\n      <div\n        className=\"sixteen wide field\"\n      >\n        <div\n          className=\"form-vertical-hgjbajcfg\"\n        >\n          <div\n            className=\"ui secondary vertical menu\"\n          >\n            <a\n              className=\"active item\"\n              onClick={[Function]}\n            >\n              Tomas Trescak\n            </a>\n            <a\n              className=\"item\"\n              onClick={[Function]}\n            >\n              Valeria Toscani\n            </a>\n            <a\n              className=\"item\"\n              onClick={[Function]}\n            >\n              Princess\n            </a>\n          </div>\n          <div />\n          <div\n            className=\"ui segment\"\n            style={\n              Object {\n                \"float\": \"left\",\n              }\n            }\n          >\n            <div\n              className=\"ui form \"\n            >\n              <div\n                className=\"fields\"\n              >\n                <div\n                  className=\"eight wide field\"\n                >\n                  <label\n                    htmlFor=\"name\"\n                  >\n                    Name\n                  </label>\n                  <div\n                    className=\"ui input\"\n                  >\n                    <input\n                      name=\"name\"\n                      onChange={[Function]}\n                      type=\"text\"\n                      value=\"Tomas Trescak\"\n                    />\n                  </div>\n                </div>\n                <div\n                  className=\"eight wide field\"\n                >\n                  <label\n                    htmlFor=\"address\"\n                  >\n                    Address\n                  </label>\n                  <div\n                    className=\"ui input\"\n                  >\n                    <input\n                      name=\"address\"\n                      onChange={[Function]}\n                      type=\"text\"\n                      value=\"Sydney, Slovakia\"\n                    />\n                  </div>\n                </div>\n              </div>\n            </div>\n          </div>\n        </div>\n      </div>\n    </div>\n  </div>\n  <div\n    className=\"ui dividing header\"\n  >\n    Readonly\n  </div>\n  <div\n    className=\"ui form form-Abfdcefijjc\"\n  >\n    <div\n      className=\"fields\"\n    >\n      <div\n        className=\"sixteen wide field\"\n      >\n        <div\n          className=\"form-vertical-hgjbajcfg\"\n        >\n          <div\n            className=\"ui secondary vertical menu\"\n          >\n            <a\n              className=\"active item\"\n              onClick={[Function]}\n            >\n              Tomas Trescak\n            </a>\n            <a\n              className=\"item\"\n              onClick={[Function]}\n            >\n              Valeria Toscani\n            </a>\n            <a\n              className=\"item\"\n              onClick={[Function]}\n            >\n              Princess\n            </a>\n          </div>\n          <div />\n          <div\n            className=\"ui segment\"\n            style={\n              Object {\n                \"float\": \"left\",\n              }\n            }\n          >\n            <div\n              className=\"ui form form-Abfdcefijjc\"\n            >\n              <div\n                className=\"fields\"\n              >\n                <div\n                  className=\"eight wide field\"\n                >\n                  <label\n                    htmlFor=\"name\"\n                  >\n                    Name\n                  </label>\n                  <div\n                    className=\"ui disabled input\"\n                  >\n                    <input\n                      disabled={true}\n                      name=\"name\"\n                      onChange={[Function]}\n                      tabIndex={-1}\n                      type=\"text\"\n                      value=\"Tomas Trescak\"\n                    />\n                  </div>\n                </div>\n                <div\n                  className=\"eight wide field\"\n                >\n                  <label\n                    htmlFor=\"address\"\n                  >\n                    Address\n                  </label>\n                  <div\n                    className=\"ui disabled input\"\n                  >\n                    <input\n                      disabled={true}\n                      name=\"address\"\n                      onChange={[Function]}\n                      tabIndex={-1}\n                      type=\"text\"\n                      value=\"Sydney, Slovakia\"\n                    />\n                  </div>\n                </div>\n              </div>\n            </div>\n          </div>\n        </div>\n      </div>\n    </div>\n  </div>\n</div>\n";

exports["Menu Selection Tabular renders tab menu 1"] = "\n<div\n  className=\"ui segment ui form\"\n>\n  <div\n    className=\"ui dividing header\"\n  >\n    Standard\n  </div>\n  <div\n    className=\"ui form \"\n  >\n    <div\n      className=\"fields\"\n    >\n      <div\n        className=\"sixteen wide field\"\n      >\n        <div\n          className=\"none\"\n        >\n          <div\n            className=\"ui top attached tabular menu\"\n          >\n            <a\n              className=\"active item\"\n              onClick={[Function]}\n            >\n              Tomas Trescak\n            </a>\n            <a\n              className=\"item\"\n              onClick={[Function]}\n            >\n              Valeria Toscani\n            </a>\n            <a\n              className=\"item\"\n              onClick={[Function]}\n            >\n              Princess\n            </a>\n          </div>\n          <div\n            className=\"ui bottom attached segment\"\n          >\n            <div\n              className=\"ui form \"\n            >\n              <div\n                className=\"fields\"\n              >\n                <div\n                  className=\"eight wide field\"\n                >\n                  <label\n                    htmlFor=\"name\"\n                  >\n                    Name\n                  </label>\n                  <div\n                    className=\"ui input\"\n                  >\n                    <input\n                      name=\"name\"\n                      onChange={[Function]}\n                      type=\"text\"\n                      value=\"Tomas Trescak\"\n                    />\n                  </div>\n                </div>\n                <div\n                  className=\"eight wide field\"\n                >\n                  <label\n                    htmlFor=\"address\"\n                  >\n                    Address\n                  </label>\n                  <div\n                    className=\"ui input\"\n                  >\n                    <input\n                      name=\"address\"\n                      onChange={[Function]}\n                      type=\"text\"\n                      value=\"Sydney, Slovakia\"\n                    />\n                  </div>\n                </div>\n              </div>\n            </div>\n          </div>\n        </div>\n      </div>\n    </div>\n  </div>\n  <div\n    className=\"ui dividing header\"\n  >\n    Readonly\n  </div>\n  <div\n    className=\"ui form form-Abfdcefijjc\"\n  >\n    <div\n      className=\"fields\"\n    >\n      <div\n        className=\"sixteen wide field\"\n      >\n        <div\n          className=\"none\"\n        >\n          <div\n            className=\"ui top attached tabular menu\"\n          >\n            <a\n              className=\"active item\"\n              onClick={[Function]}\n            >\n              Tomas Trescak\n            </a>\n            <a\n              className=\"item\"\n              onClick={[Function]}\n            >\n              Valeria Toscani\n            </a>\n            <a\n              className=\"item\"\n              onClick={[Function]}\n            >\n              Princess\n            </a>\n          </div>\n          <div\n            className=\"ui bottom attached segment\"\n          >\n            <div\n              className=\"ui form form-Abfdcefijjc\"\n            >\n              <div\n                className=\"fields\"\n              >\n                <div\n                  className=\"eight wide field\"\n                >\n                  <label\n                    htmlFor=\"name\"\n                  >\n                    Name\n                  </label>\n                  <div\n                    className=\"ui disabled input\"\n                  >\n                    <input\n                      disabled={true}\n                      name=\"name\"\n                      onChange={[Function]}\n                      tabIndex={-1}\n                      type=\"text\"\n                      value=\"Tomas Trescak\"\n                    />\n                  </div>\n                </div>\n                <div\n                  className=\"eight wide field\"\n                >\n                  <label\n                    htmlFor=\"address\"\n                  >\n                    Address\n                  </label>\n                  <div\n                    className=\"ui disabled input\"\n                  >\n                    <input\n                      disabled={true}\n                      name=\"address\"\n                      onChange={[Function]}\n                      tabIndex={-1}\n                      type=\"text\"\n                      value=\"Sydney, Slovakia\"\n                    />\n                  </div>\n                </div>\n              </div>\n            </div>\n          </div>\n        </div>\n      </div>\n    </div>\n  </div>\n</div>\n";

exports["Menu Selection Top Menu renders tab menu 1"] = "\n<div\n  className=\"ui segment ui form\"\n>\n  <div\n    className=\"ui dividing header\"\n  >\n    Standard\n  </div>\n  <div\n    className=\"ui form \"\n  >\n    <div\n      className=\"fields\"\n    >\n      <div\n        className=\"sixteen wide field\"\n      >\n        <div\n          className=\"none\"\n        >\n          <div\n            className=\"ui secondary menu\"\n          >\n            <a\n              className=\"active item\"\n              onClick={[Function]}\n            >\n              Tomas Trescak\n            </a>\n            <a\n              className=\"item\"\n              onClick={[Function]}\n            >\n              Valeria Toscani\n            </a>\n            <a\n              className=\"item\"\n              onClick={[Function]}\n            >\n              Princess\n            </a>\n          </div>\n          <div\n            className=\"ui segment\"\n          >\n            <div\n              className=\"ui form \"\n            >\n              <div\n                className=\"fields\"\n              >\n                <div\n                  className=\"eight wide field\"\n                >\n                  <label\n                    htmlFor=\"name\"\n                  >\n                    Name\n                  </label>\n                  <div\n                    className=\"ui input\"\n                  >\n                    <input\n                      name=\"name\"\n                      onChange={[Function]}\n                      type=\"text\"\n                      value=\"Tomas Trescak\"\n                    />\n                  </div>\n                </div>\n                <div\n                  className=\"eight wide field\"\n                >\n                  <label\n                    htmlFor=\"address\"\n                  >\n                    Address\n                  </label>\n                  <div\n                    className=\"ui input\"\n                  >\n                    <input\n                      name=\"address\"\n                      onChange={[Function]}\n                      type=\"text\"\n                      value=\"Sydney, Slovakia\"\n                    />\n                  </div>\n                </div>\n              </div>\n            </div>\n          </div>\n        </div>\n      </div>\n    </div>\n  </div>\n  <div\n    className=\"ui dividing header\"\n  >\n    Readonly\n  </div>\n  <div\n    className=\"ui form form-Abfdcefijjc\"\n  >\n    <div\n      className=\"fields\"\n    >\n      <div\n        className=\"sixteen wide field\"\n      >\n        <div\n          className=\"none\"\n        >\n          <div\n            className=\"ui secondary menu\"\n          >\n            <a\n              className=\"active item\"\n              onClick={[Function]}\n            >\n              Tomas Trescak\n            </a>\n            <a\n              className=\"item\"\n              onClick={[Function]}\n            >\n              Valeria Toscani\n            </a>\n            <a\n              className=\"item\"\n              onClick={[Function]}\n            >\n              Princess\n            </a>\n          </div>\n          <div\n            className=\"ui segment\"\n          >\n            <div\n              className=\"ui form form-Abfdcefijjc\"\n            >\n              <div\n                className=\"fields\"\n              >\n                <div\n                  className=\"eight wide field\"\n                >\n                  <label\n                    htmlFor=\"name\"\n                  >\n                    Name\n                  </label>\n                  <div\n                    className=\"ui disabled input\"\n                  >\n                    <input\n                      disabled={true}\n                      name=\"name\"\n                      onChange={[Function]}\n                      tabIndex={-1}\n                      type=\"text\"\n                      value=\"Tomas Trescak\"\n                    />\n                  </div>\n                </div>\n                <div\n                  className=\"eight wide field\"\n                >\n                  <label\n                    htmlFor=\"address\"\n                  >\n                    Address\n                  </label>\n                  <div\n                    className=\"ui disabled input\"\n                  >\n                    <input\n                      disabled={true}\n                      name=\"address\"\n                      onChange={[Function]}\n                      tabIndex={-1}\n                      type=\"text\"\n                      value=\"Sydney, Slovakia\"\n                    />\n                  </div>\n                </div>\n              </div>\n            </div>\n          </div>\n        </div>\n      </div>\n    </div>\n  </div>\n</div>\n";

