exports["Radio renders 1"] = "\n<div\n  className=\"ui segment ui form\"\n>\n  <div\n    className=\"ui dividing header\"\n  >\n    Standard\n  </div>\n  <div\n    className=\"ui form \"\n  >\n    <div\n      className=\"fields\"\n    >\n      <div\n        className=\"inline field\"\n      >\n        <label\n          htmlFor=\"religion\"\n        >\n          Religions\n        </label>\n        <div\n          className=\"ui radio checkbox form-Abgidfbchic\"\n          onChange={[Function]}\n          onClick={[Function]}\n          onMouseDown={[Function]}\n          onMouseUp={[Function]}\n        >\n          <input\n            checked={false}\n            className=\"hidden\"\n            name=\"religion\"\n            readOnly={true}\n            tabIndex={0}\n            type=\"radio\"\n            value=\"CH\"\n          />\n          <label>\n            Christian\n          </label>\n        </div>\n        <div\n          className=\"ui radio checkbox form-Abgidfbchic\"\n          onChange={[Function]}\n          onClick={[Function]}\n          onMouseDown={[Function]}\n          onMouseUp={[Function]}\n        >\n          <input\n            checked={false}\n            className=\"hidden\"\n            name=\"religion\"\n            readOnly={true}\n            tabIndex={0}\n            type=\"radio\"\n            value=\"BU\"\n          />\n          <label>\n            Buddhist\n          </label>\n        </div>\n        <div\n          className=\"ui checked radio checkbox form-Abgidfbchic\"\n          onChange={[Function]}\n          onClick={[Function]}\n          onMouseDown={[Function]}\n          onMouseUp={[Function]}\n        >\n          <input\n            checked={true}\n            className=\"hidden\"\n            name=\"religion\"\n            readOnly={true}\n            tabIndex={0}\n            type=\"radio\"\n            value=\"JE\"\n          />\n          <label>\n            Jedi\n          </label>\n        </div>\n      </div>\n    </div>\n    <div\n      className=\"fields\"\n    >\n      <div\n        className=\"sixteen wide field\"\n      >\n        <label\n          htmlFor=\"linedReligion\"\n        >\n          Religions\n        </label>\n        <div\n          className=\"ui radio checkbox form-Abgidfbchic\"\n          onChange={[Function]}\n          onClick={[Function]}\n          onMouseDown={[Function]}\n          onMouseUp={[Function]}\n        >\n          <input\n            checked={false}\n            className=\"hidden\"\n            name=\"linedReligion\"\n            readOnly={true}\n            tabIndex={0}\n            type=\"radio\"\n            value=\"CH\"\n          />\n          <label>\n            Christian\n          </label>\n        </div>\n        <br />\n        <div\n          className=\"ui checked radio checkbox form-Abgidfbchic\"\n          onChange={[Function]}\n          onClick={[Function]}\n          onMouseDown={[Function]}\n          onMouseUp={[Function]}\n        >\n          <input\n            checked={true}\n            className=\"hidden\"\n            name=\"linedReligion\"\n            readOnly={true}\n            tabIndex={0}\n            type=\"radio\"\n            value=\"BU\"\n          />\n          <label>\n            Buddhist\n          </label>\n        </div>\n        <br />\n        <div\n          className=\"ui radio checkbox form-Abgidfbchic\"\n          onChange={[Function]}\n          onClick={[Function]}\n          onMouseDown={[Function]}\n          onMouseUp={[Function]}\n        >\n          <input\n            checked={false}\n            className=\"hidden\"\n            name=\"linedReligion\"\n            readOnly={true}\n            tabIndex={0}\n            type=\"radio\"\n            value=\"JE\"\n          />\n          <label>\n            Jedi\n          </label>\n        </div>\n        <br />\n      </div>\n    </div>\n  </div>\n  <div\n    className=\"ui dividing header\"\n  >\n    Readonly\n  </div>\n  <div\n    className=\"ui form form-Abfdcefijjc\"\n  >\n    <div\n      className=\"fields\"\n    >\n      <div\n        className=\"inline field\"\n      >\n        <label\n          htmlFor=\"religion\"\n        >\n          Religions\n        </label>\n        <div\n          className=\"ui radio read-only checkbox form-Abgidfbchic\"\n          onChange={[Function]}\n          onClick={[Function]}\n          onMouseDown={[Function]}\n          onMouseUp={[Function]}\n        >\n          <input\n            checked={false}\n            className=\"hidden\"\n            name=\"religion\"\n            readOnly={true}\n            tabIndex={0}\n            type=\"radio\"\n            value=\"CH\"\n          />\n          <label>\n            Christian\n          </label>\n        </div>\n        <div\n          className=\"ui radio read-only checkbox form-Abgidfbchic\"\n          onChange={[Function]}\n          onClick={[Function]}\n          onMouseDown={[Function]}\n          onMouseUp={[Function]}\n        >\n          <input\n            checked={false}\n            className=\"hidden\"\n            name=\"religion\"\n            readOnly={true}\n            tabIndex={0}\n            type=\"radio\"\n            value=\"BU\"\n          />\n          <label>\n            Buddhist\n          </label>\n        </div>\n        <div\n          className=\"ui checked radio read-only checkbox form-Abgidfbchic\"\n          onChange={[Function]}\n          onClick={[Function]}\n          onMouseDown={[Function]}\n          onMouseUp={[Function]}\n        >\n          <input\n            checked={true}\n            className=\"hidden\"\n            name=\"religion\"\n            readOnly={true}\n            tabIndex={0}\n            type=\"radio\"\n            value=\"JE\"\n          />\n          <label>\n            Jedi\n          </label>\n        </div>\n      </div>\n    </div>\n    <div\n      className=\"fields\"\n    >\n      <div\n        className=\"sixteen wide field\"\n      >\n        <label\n          htmlFor=\"linedReligion\"\n        >\n          Religions\n        </label>\n        <div\n          className=\"ui radio read-only checkbox form-Abgidfbchic\"\n          onChange={[Function]}\n          onClick={[Function]}\n          onMouseDown={[Function]}\n          onMouseUp={[Function]}\n        >\n          <input\n            checked={false}\n            className=\"hidden\"\n            name=\"linedReligion\"\n            readOnly={true}\n            tabIndex={0}\n            type=\"radio\"\n            value=\"CH\"\n          />\n          <label>\n            Christian\n          </label>\n        </div>\n        <br />\n        <div\n          className=\"ui checked radio read-only checkbox form-Abgidfbchic\"\n          onChange={[Function]}\n          onClick={[Function]}\n          onMouseDown={[Function]}\n          onMouseUp={[Function]}\n        >\n          <input\n            checked={true}\n            className=\"hidden\"\n            name=\"linedReligion\"\n            readOnly={true}\n            tabIndex={0}\n            type=\"radio\"\n            value=\"BU\"\n          />\n          <label>\n            Buddhist\n          </label>\n        </div>\n        <br />\n        <div\n          className=\"ui radio read-only checkbox form-Abgidfbchic\"\n          onChange={[Function]}\n          onClick={[Function]}\n          onMouseDown={[Function]}\n          onMouseUp={[Function]}\n        >\n          <input\n            checked={false}\n            className=\"hidden\"\n            name=\"linedReligion\"\n            readOnly={true}\n            tabIndex={0}\n            type=\"radio\"\n            value=\"JE\"\n          />\n          <label>\n            Jedi\n          </label>\n        </div>\n        <br />\n      </div>\n    </div>\n  </div>\n</div>\n";

