exports["Repeater renders correctly 1"] = "\n<div\n  className=\"ui segment ui form\"\n>\n  <div\n    className=\"ui dividing header\"\n  >\n    Standard\n  </div>\n  <div\n    className=\"ui form \"\n  >\n    <div\n      className=\"fields\"\n    >\n      <div\n        className=\"sixteen wide field\"\n      >\n        <div\n          className=\"ui form \"\n        >\n          <div\n            className=\"fields\"\n          >\n            <div\n              className=\"eight wide field\"\n            >\n              <label\n                htmlFor=\"name\"\n              >\n                Name\n              </label>\n              <div\n                className=\"ui input\"\n              >\n                <input\n                  name=\"name\"\n                  onChange={[Function]}\n                  type=\"text\"\n                  value=\"Slovakia\"\n                />\n              </div>\n            </div>\n            <div\n              className=\"eight wide field\"\n            >\n              <label\n                htmlFor=\"capital\"\n              >\n                Capital\n              </label>\n              <div\n                className=\"ui input\"\n              >\n                <input\n                  name=\"capital\"\n                  onChange={[Function]}\n                  type=\"text\"\n                  value=\"Bratislava\"\n                />\n              </div>\n            </div>\n            <div\n              className=\"one wide field\"\n            >\n              <button\n                className=\"ui red icon button\"\n                onClick={[Function]}\n              >\n                <i\n                  aria-hidden=\"true\"\n                  className=\"trash icon\"\n                  onClick={[Function]}\n                />\n              </button>\n            </div>\n          </div>\n        </div>\n        <div\n          className=\"ui form \"\n        >\n          <div\n            className=\"fields\"\n          >\n            <div\n              className=\"eight wide field\"\n            >\n              <label\n                htmlFor=\"name\"\n              >\n                Name\n              </label>\n              <div\n                className=\"ui input\"\n              >\n                <input\n                  name=\"name\"\n                  onChange={[Function]}\n                  type=\"text\"\n                  value=\"Australia\"\n                />\n              </div>\n            </div>\n            <div\n              className=\"eight wide field\"\n            >\n              <label\n                htmlFor=\"capital\"\n              >\n                Capital\n              </label>\n              <div\n                className=\"ui input\"\n              >\n                <input\n                  name=\"capital\"\n                  onChange={[Function]}\n                  type=\"text\"\n                  value=\"Canberra\"\n                />\n              </div>\n            </div>\n            <div\n              className=\"one wide field\"\n            >\n              <button\n                className=\"ui red icon button\"\n                onClick={[Function]}\n              >\n                <i\n                  aria-hidden=\"true\"\n                  className=\"trash icon\"\n                  onClick={[Function]}\n                />\n              </button>\n            </div>\n          </div>\n        </div>\n        <button\n          className=\"ui icon primary left labeled button\"\n          onClick={[Function]}\n        >\n          <i\n            aria-hidden=\"true\"\n            className=\"plus icon\"\n            onClick={[Function]}\n          />\n          Add\n        </button>\n      </div>\n    </div>\n  </div>\n  <div\n    className=\"ui dividing header\"\n  >\n    Readonly\n  </div>\n  <div\n    className=\"ui form form-Abfdcefijjc\"\n  >\n    <div\n      className=\"fields\"\n    >\n      <div\n        className=\"sixteen wide field\"\n      >\n        <div\n          className=\"ui form form-Abfdcefijjc\"\n        >\n          <div\n            className=\"fields\"\n          >\n            <div\n              className=\"eight wide field\"\n            >\n              <label\n                htmlFor=\"name\"\n              >\n                Name\n              </label>\n              <div\n                className=\"ui disabled input\"\n              >\n                <input\n                  disabled={true}\n                  name=\"name\"\n                  onChange={[Function]}\n                  tabIndex={-1}\n                  type=\"text\"\n                  value=\"Slovakia\"\n                />\n              </div>\n            </div>\n            <div\n              className=\"eight wide field\"\n            >\n              <label\n                htmlFor=\"capital\"\n              >\n                Capital\n              </label>\n              <div\n                className=\"ui disabled input\"\n              >\n                <input\n                  disabled={true}\n                  name=\"capital\"\n                  onChange={[Function]}\n                  tabIndex={-1}\n                  type=\"text\"\n                  value=\"Bratislava\"\n                />\n              </div>\n            </div>\n          </div>\n        </div>\n        <div\n          className=\"ui form form-Abfdcefijjc\"\n        >\n          <div\n            className=\"fields\"\n          >\n            <div\n              className=\"eight wide field\"\n            >\n              <label\n                htmlFor=\"name\"\n              >\n                Name\n              </label>\n              <div\n                className=\"ui disabled input\"\n              >\n                <input\n                  disabled={true}\n                  name=\"name\"\n                  onChange={[Function]}\n                  tabIndex={-1}\n                  type=\"text\"\n                  value=\"Australia\"\n                />\n              </div>\n            </div>\n            <div\n              className=\"eight wide field\"\n            >\n              <label\n                htmlFor=\"capital\"\n              >\n                Capital\n              </label>\n              <div\n                className=\"ui disabled input\"\n              >\n                <input\n                  disabled={true}\n                  name=\"capital\"\n                  onChange={[Function]}\n                  tabIndex={-1}\n                  type=\"text\"\n                  value=\"Canberra\"\n                />\n              </div>\n            </div>\n          </div>\n        </div>\n      </div>\n    </div>\n  </div>\n</div>\n";

