exports["Search renders 1"] = "\n<div\n  className=\"ui segment ui form\"\n>\n  <div\n    className=\"ui dividing header\"\n  >\n    Standard\n  </div>\n  <div\n    className=\"ui form \"\n  >\n    <div\n      className=\"fields\"\n    >\n      <div\n        className=\"six wide field\"\n      >\n        <label\n          htmlFor=\"country\"\n        >\n          Country\n        </label>\n        <div\n          className=\"ui loading search\"\n          onBlur={[Function]}\n          onFocus={[Function]}\n          onMouseDown={[Function]}\n        >\n          <div\n            className=\"ui icon input\"\n          >\n            <input\n              autoComplete=\"off\"\n              className=\"prompt\"\n              onChange={[Function]}\n              onClick={[Function]}\n              tabIndex=\"0\"\n              type=\"text\"\n              value=\"\"\n            />\n            <i\n              aria-hidden=\"true\"\n              className=\"search icon\"\n              onClick={[Function]}\n            />\n          </div>\n        </div>\n      </div>\n      <div\n        className=\"six wide field\"\n      >\n        <label\n          htmlFor=\"country\"\n        >\n          Country With Control\n        </label>\n        <div\n          className=\"ui loading search\"\n          onBlur={[Function]}\n          onFocus={[Function]}\n          onMouseDown={[Function]}\n        >\n          <div\n            className=\"ui icon input\"\n          >\n            <input\n              autoComplete=\"off\"\n              className=\"prompt\"\n              onChange={[Function]}\n              onClick={[Function]}\n              tabIndex=\"0\"\n              type=\"text\"\n              value=\"\"\n            />\n            <i\n              aria-hidden=\"true\"\n              className=\"search icon\"\n              onClick={[Function]}\n            />\n          </div>\n        </div>\n      </div>\n    </div>\n  </div>\n  <div\n    className=\"ui dividing header\"\n  >\n    Readonly\n  </div>\n  <div\n    className=\"ui form form-Abfdcefijjc\"\n  >\n    <div\n      className=\"fields\"\n    >\n      <div\n        className=\"six wide field\"\n      >\n        <label\n          htmlFor=\"country\"\n        >\n          Country\n        </label>\n        <div\n          className=\"ui disabled input\"\n        >\n          <input\n            disabled={true}\n            onChange={[Function]}\n            tabIndex={-1}\n            type=\"text\"\n            value=\"\"\n          />\n        </div>\n      </div>\n      <div\n        className=\"six wide field\"\n      >\n        <label\n          htmlFor=\"country\"\n        >\n          Country With Control\n        </label>\n        <div\n          className=\"ui disabled input\"\n        >\n          <input\n            disabled={true}\n            onChange={[Function]}\n            tabIndex={-1}\n            type=\"text\"\n            value=\"\"\n          />\n        </div>\n      </div>\n    </div>\n  </div>\n</div>\n";

