exports["Segment renders standard 1"] = "\n<div\n  className=\"ui segment\"\n>\n  <div\n    className=\"ui dividing header\"\n  >\n    Standard\n  </div>\n  <div\n    className=\"ui form   css-1mu481t-form\"\n    data-control=\"Form\"\n  >\n    <div\n      data-control=\"Stack\"\n    >\n      <div\n        className=\"css-eoi0db-item-column\"\n      >\n        <div\n          dangerouslySetInnerHTML={\n            Object {\n              \"__html\": \"Segments\",\n            }\n          }\n          data-control=\"Text\"\n        />\n      </div>\n      <div\n        className=\"css-eoi0db-item-column\"\n      >\n        <a\n          className=\"css-18dwjmb-pointer\"\n          data-control=\"LinkSelector\"\n          onClick={[Function]}\n        >\n          Hide\n        </a>\n      </div>\n      <div\n        className=\"css-eoi0db-item-column\"\n      >\n        <a\n          className=\"css-18dwjmb-pointer\"\n          data-control=\"LinkSelector\"\n          onClick={[Function]}\n        >\n          Show\n        </a>\n      </div>\n      <div\n        className=\"css-eoi0db-item-column\"\n      >\n        <div\n          className=\"ui top attached segment\"\n          data-control=\"Segment\"\n          name=\"A\"\n        >\n          <div\n            dangerouslySetInnerHTML={\n              Object {\n                \"__html\": \"SEGMENT A\",\n              }\n            }\n            data-control=\"Text\"\n          />\n        </div>\n      </div>\n      <div\n        className=\"css-eoi0db-item-column\"\n      >\n        <div\n          className=\"ui top attached segment\"\n          data-control=\"Segment\"\n          name=\"B\"\n        >\n          <div\n            dangerouslySetInnerHTML={\n              Object {\n                \"__html\": \"SEGMENT B\",\n              }\n            }\n            data-control=\"Text\"\n          />\n        </div>\n      </div>\n      <div\n        className=\"css-eoi0db-item-column\"\n      >\n        <div\n          className=\"ui blue inverted segment\"\n          data-control=\"Segment\"\n        />\n      </div>\n    </div>\n  </div>\n</div>\n";

exports["Segment renders editor 1"] = "\n<div\n  className=\"ui segment\"\n>\n  <div\n    className=\"ui dividing header\"\n  >\n    Editor\n  </div>\n  <div\n    style={\n      Object {\n        \"display\": \"flex\",\n      }\n    }\n  >\n    <div\n      style={\n        Object {\n          \"flex\": \"1\",\n        }\n      }\n    >\n      <div\n        className=\"ui form   css-1mu481t-form\"\n        data-control=\"Form\"\n        id=\"9\"\n      >\n        <div\n          className=\"css-1q7g8br\"\n          data-control=\"Stack\"\n          data-editor=\"isEditor\"\n          id=\"8\"\n          layout=\"column\"\n          onClick={[Function]}\n          onDragEnd={[Function]}\n          onDragLeave={[Function]}\n          onDragOver={[Function]}\n          onDrop={[Function]}\n          onMouseOut={[Function]}\n          onMouseOver={[Function]}\n        >\n          <div\n            className=\"css-itj7i2-item-column\"\n          >\n            <div\n              dangerouslySetInnerHTML={\n                Object {\n                  \"__html\": \"Segments\",\n                }\n              }\n              data-control=\"Text\"\n              id=\"0\"\n              onClick={[Function]}\n              onMouseOut={[Function]}\n              onMouseOver={[Function]}\n            />\n          </div>\n          <div\n            className=\"css-itj7i2-item-column\"\n          >\n            <a\n              className=\"css-18dwjmb-pointer\"\n              data-control=\"LinkSelector\"\n              id=\"1\"\n              onClick={[Function]}\n              onMouseOut={[Function]}\n              onMouseOver={[Function]}\n            >\n              Hide\n            </a>\n          </div>\n          <div\n            className=\"css-itj7i2-item-column\"\n          >\n            <a\n              className=\"css-18dwjmb-pointer\"\n              data-control=\"LinkSelector\"\n              id=\"2\"\n              onClick={[Function]}\n              onMouseOut={[Function]}\n              onMouseOver={[Function]}\n            >\n              Show\n            </a>\n          </div>\n          <div\n            className=\"css-itj7i2-item-column\"\n          >\n            <div\n              className=\"ui top attached segment\"\n              data-control=\"Segment\"\n              id=\"4\"\n              name=\"A\"\n              onClick={[Function]}\n              onMouseOut={[Function]}\n              onMouseOver={[Function]}\n            >\n              <div\n                dangerouslySetInnerHTML={\n                  Object {\n                    \"__html\": \"SEGMENT A\",\n                  }\n                }\n                data-control=\"Text\"\n                id=\"3\"\n                onClick={[Function]}\n                onMouseOut={[Function]}\n                onMouseOver={[Function]}\n              />\n            </div>\n          </div>\n          <div\n            className=\"css-itj7i2-item-column\"\n          >\n            <div\n              className=\"ui top attached segment\"\n              data-control=\"Segment\"\n              id=\"6\"\n              name=\"B\"\n              onClick={[Function]}\n              onMouseOut={[Function]}\n              onMouseOver={[Function]}\n            >\n              <div\n                dangerouslySetInnerHTML={\n                  Object {\n                    \"__html\": \"SEGMENT B\",\n                  }\n                }\n                data-control=\"Text\"\n                id=\"5\"\n                onClick={[Function]}\n                onMouseOut={[Function]}\n                onMouseOver={[Function]}\n              />\n            </div>\n          </div>\n          <div\n            className=\"css-itj7i2-item-column\"\n          >\n            <div\n              className=\"ui blue inverted segment\"\n              data-control=\"Segment\"\n              id=\"7\"\n              onClick={[Function]}\n              onMouseOut={[Function]}\n              onMouseOver={[Function]}\n            />\n          </div>\n        </div>\n      </div>\n    </div>\n  </div>\n</div>\n";

