exports["Select renders 1"] = "\n<div\n  className=\"ui segment ui form\"\n>\n  <div\n    className=\"ui dividing header\"\n  >\n    Standard\n  </div>\n  <div\n    className=\"ui form \"\n  >\n    <div\n      className=\"fields\"\n    >\n      <div\n        className=\"eight wide field\"\n      >\n        <label\n          htmlFor=\"country\"\n        >\n          Country\n        </label>\n        <div\n          aria-busy={false}\n          aria-disabled={false}\n          aria-expanded={false}\n          className=\"ui selection dropdown\"\n          name=\"country\"\n          onBlur={[Function]}\n          onChange={[Function]}\n          onClick={[Function]}\n          onFocus={[Function]}\n          onMouseDown={[Function]}\n          role=\"listbox\"\n          tabIndex={0}\n        >\n          <div\n            aria-live=\"polite\"\n            className=\"text\"\n            role=\"alert\"\n          >\n            Slovakia\n          </div>\n          <i\n            aria-hidden=\"true\"\n            className=\"dropdown icon\"\n            onClick={[Function]}\n          />\n          <div\n            className=\"menu transition\"\n          >\n            <div\n              aria-checked={false}\n              aria-selected={false}\n              className=\"item\"\n              onClick={[Function]}\n              role=\"option\"\n              style={\n                Object {\n                  \"pointerEvents\": \"all\",\n                }\n              }\n            >\n              <span\n                className=\"text\"\n              >\n                Australia\n              </span>\n            </div>\n            <div\n              aria-checked={true}\n              aria-selected={true}\n              className=\"active selected item\"\n              onClick={[Function]}\n              role=\"option\"\n              style={\n                Object {\n                  \"pointerEvents\": \"all\",\n                }\n              }\n            >\n              <span\n                className=\"text\"\n              >\n                Slovakia\n              </span>\n            </div>\n          </div>\n        </div>\n      </div>\n      <div\n        className=\"eight wide field\"\n      >\n        <label\n          htmlFor=\"country\"\n        >\n          Async\n        </label>\n        <div\n          aria-busy={true}\n          aria-disabled={false}\n          aria-expanded={false}\n          className=\"ui loading selection dropdown\"\n          name=\"country\"\n          onBlur={[Function]}\n          onChange={[Function]}\n          onClick={[Function]}\n          onFocus={[Function]}\n          onMouseDown={[Function]}\n          role=\"listbox\"\n          tabIndex={0}\n        >\n          <div\n            aria-live=\"polite\"\n            className=\"text\"\n            role=\"alert\"\n          />\n          <i\n            aria-hidden=\"true\"\n            className=\"dropdown icon\"\n            onClick={[Function]}\n          />\n          <div\n            className=\"menu transition\"\n          />\n        </div>\n      </div>\n      <div\n        className=\"eight wide field\"\n      >\n        <label\n          htmlFor=\"city\"\n        >\n          City\n        </label>\n        <div\n          aria-busy={false}\n          aria-disabled={false}\n          aria-expanded={false}\n          className=\"ui search selection dropdown\"\n          name=\"city\"\n          onBlur={[Function]}\n          onChange={[Function]}\n          onClick={[Function]}\n          onFocus={[Function]}\n          onMouseDown={[Function]}\n          role=\"combobox\"\n        >\n          <input\n            aria-autocomplete=\"list\"\n            autoComplete=\"off\"\n            className=\"search\"\n            onChange={[Function]}\n            style={\n              Object {\n                \"width\": undefined,\n              }\n            }\n            tabIndex={0}\n            type=\"text\"\n            value=\"\"\n          />\n          <div\n            aria-live=\"polite\"\n            className=\"text\"\n            role=\"alert\"\n          >\n            Kosice\n          </div>\n          <i\n            aria-hidden=\"true\"\n            className=\"dropdown icon\"\n            onClick={[Function]}\n          />\n          <div\n            className=\"menu transition\"\n            role=\"listbox\"\n          >\n            <div\n              aria-checked={true}\n              aria-selected={true}\n              className=\"active selected item\"\n              country=\"SK\"\n              onClick={[Function]}\n              role=\"option\"\n              style={\n                Object {\n                  \"pointerEvents\": \"all\",\n                }\n              }\n            >\n              <span\n                className=\"text\"\n              >\n                Kosice\n              </span>\n            </div>\n            <div\n              aria-checked={false}\n              aria-selected={false}\n              className=\"item\"\n              country=\"SK\"\n              onClick={[Function]}\n              role=\"option\"\n              style={\n                Object {\n                  \"pointerEvents\": \"all\",\n                }\n              }\n            >\n              <span\n                className=\"text\"\n              >\n                Bratislava\n              </span>\n            </div>\n          </div>\n        </div>\n      </div>\n    </div>\n  </div>\n  <div\n    className=\"ui dividing header\"\n  >\n    Readonly\n  </div>\n  <div\n    className=\"ui form form-Abfdcefijjc\"\n  >\n    <div\n      className=\"fields\"\n    >\n      <div\n        className=\"eight wide field\"\n      >\n        <label\n          htmlFor=\"country\"\n        >\n          Country\n        </label>\n        <div\n          className=\"ui disabled input\"\n        >\n          <input\n            disabled={true}\n            name=\"country\"\n            onChange={[Function]}\n            tabIndex={-1}\n            type=\"text\"\n            value=\"Slovakia\"\n          />\n        </div>\n      </div>\n      <div\n        className=\"eight wide field\"\n      >\n        <label\n          htmlFor=\"country\"\n        >\n          Async\n        </label>\n        <div\n          className=\"ui disabled input\"\n        >\n          <input\n            disabled={true}\n            name=\"country\"\n            onChange={[Function]}\n            tabIndex={-1}\n            type=\"text\"\n            value=\"\"\n          />\n        </div>\n      </div>\n      <div\n        className=\"eight wide field\"\n      >\n        <label\n          htmlFor=\"city\"\n        >\n          City\n        </label>\n        <div\n          className=\"ui disabled input\"\n          search={true}\n          selection={true}\n        >\n          <input\n            disabled={true}\n            name=\"city\"\n            onChange={[Function]}\n            tabIndex={-1}\n            type=\"text\"\n            value=\"Kosice\"\n          />\n        </div>\n      </div>\n    </div>\n  </div>\n</div>\n";

