exports["Signature renders correctly 1"] = "\n<div\n  className=\"ui segment ui form\"\n>\n  <div\n    className=\"ui dividing header\"\n  >\n    Standard\n  </div>\n  <div\n    className=\"ui form \"\n  >\n    <div\n      className=\"fields\"\n    >\n      <div\n        className=\"five wide field\"\n      >\n        <fieldset\n          className=\"form-Afabfdjdig\"\n        >\n          <legend>\n            Dean Signature\n          </legend>\n          <div\n            className=\"ui list\"\n            role=\"list\"\n          >\n            <div\n              className=\"item\"\n              onClick={[Function]}\n              role=\"listitem\"\n            >\n              <i\n                aria-hidden=\"true\"\n                className=\"ban icon\"\n                onClick={[Function]}\n              />\n              <div\n                className=\"content\"\n              >\n                Simeon Simoff rejected to sign on 10/15/2018\n              </div>\n            </div>\n            <div\n              className=\"item\"\n              onClick={[Function]}\n              role=\"listitem\"\n            >\n              <i\n                aria-hidden=\"true\"\n                className=\"comment icon\"\n                onClick={[Function]}\n              />\n              <div\n                className=\"content\"\n              >\n                All wrong\n              </div>\n            </div>\n          </div>\n        </fieldset>\n      </div>\n      <div\n        className=\"five wide field\"\n      >\n        <fieldset\n          className=\"form-Afabfdjdig\"\n        >\n          <legend>\n            Supervisor Signature\n          </legend>\n          <div\n            className=\"ui items\"\n          >\n            <div\n              className=\"item\"\n            >\n              <div\n                className=\"ui tiny image\"\n              />\n              <div\n                className=\"content\"\n              >\n                <span\n                  className=\"form-Acaibjjfjig\"\n                  style={\n                    Object {\n                      \"fontFamily\": \"Pacifico\",\n                    }\n                  }\n                >\n                  Alladin Hasan\n                </span>\n                <br />\n                <span\n                  className=\"form-Adheafhbia\"\n                >\n                  10/15/2018\n                </span>\n              </div>\n            </div>\n          </div>\n          \n        </fieldset>\n      </div>\n      <div\n        className=\"five wide field\"\n      >\n        <fieldset\n          className=\"form-Afabfdjdig\"\n        >\n          <legend>\n            Student Signature\n          </legend>\n          \n          <button\n            className=\"ui icon primary left labeled button\"\n            onClick={[Function]}\n          >\n            <i\n              aria-hidden=\"true\"\n              className=\"pencil alternate icon\"\n              onClick={[Function]}\n            />\n            Sign\n          </button>\n        </fieldset>\n      </div>\n    </div>\n    <div\n      className=\"fields\"\n    >\n      <div\n        className=\"five wide field\"\n      >\n         \n      </div>\n      <div\n        className=\"five wide field\"\n      >\n        <fieldset\n          className=\"form-Afabfdjdig\"\n        >\n          <legend>\n            Supervisor Signature\n          </legend>\n          <div\n            className=\"ui items\"\n          >\n            <div\n              className=\"item\"\n            >\n              <div\n                className=\"ui tiny image\"\n              />\n              <div\n                className=\"content\"\n              >\n                <span\n                  className=\"form-Acaibjjfjig\"\n                  style={\n                    Object {\n                      \"fontFamily\": \"Pacifico\",\n                    }\n                  }\n                >\n                  Alladin Hasan\n                </span>\n                <br />\n                <span\n                  className=\"form-Adheafhbia\"\n                >\n                  10/15/2018\n                </span>\n              </div>\n            </div>\n          </div>\n          \n        </fieldset>\n      </div>\n      <div\n        className=\"five wide field\"\n      >\n        <fieldset\n          className=\"form-Afabfdjdig\"\n        >\n          <legend>\n            Student Signature\n          </legend>\n          \n          <textarea\n            onChange={[Function]}\n            onInput={[Function]}\n            placeholder=\"Please leave a comment ...\"\n            rows={3}\n            value=\"\"\n          />\n          <button\n            className=\"ui icon primary right floated left labeled button\"\n            onClick={[Function]}\n          >\n            <i\n              aria-hidden=\"true\"\n              className=\"pencil alternate icon\"\n              onClick={[Function]}\n            />\n            Sign\n          </button>\n        </fieldset>\n      </div>\n    </div>\n    <div\n      className=\"fields\"\n    >\n      <div\n        className=\"five wide field\"\n      >\n         \n      </div>\n      <div\n        className=\"five wide field\"\n      >\n        <fieldset\n          className=\"form-Afabfdjdig\"\n        >\n          <legend>\n            Supervisor Signature\n          </legend>\n          <div\n            className=\"ui items\"\n          >\n            <div\n              className=\"item\"\n            >\n              <div\n                className=\"ui tiny image\"\n              />\n              <div\n                className=\"content\"\n              >\n                <span\n                  className=\"form-Acaibjjfjig\"\n                  style={\n                    Object {\n                      \"fontFamily\": \"Pacifico\",\n                    }\n                  }\n                >\n                  Alladin Hasan\n                </span>\n                <br />\n                <span\n                  className=\"form-Adheafhbia\"\n                >\n                  10/15/2018\n                </span>\n              </div>\n            </div>\n          </div>\n          \n        </fieldset>\n      </div>\n      <div\n        className=\"five wide field\"\n      >\n        <fieldset\n          className=\"form-Afabfdjdig\"\n        >\n          <legend>\n            Student Signature\n          </legend>\n          \n          <button\n            className=\"ui icon primary left labeled button\"\n            onClick={[Function]}\n          >\n            <i\n              aria-hidden=\"true\"\n              className=\"pencil alternate icon\"\n              onClick={[Function]}\n            />\n            Sign\n          </button>\n          <button\n            className=\"ui red icon left labeled button\"\n            onClick={[Function]}\n          >\n            <i\n              aria-hidden=\"true\"\n              className=\"ban icon\"\n              onClick={[Function]}\n            />\n            Reject\n          </button>\n        </fieldset>\n      </div>\n    </div>\n    <div\n      className=\"fields\"\n    >\n      <div\n        className=\"ten wide field\"\n      >\n         \n      </div>\n      <div\n        className=\"five wide field\"\n      >\n        <fieldset\n          className=\"form-Afabfdjdig\"\n        >\n          <legend>\n            Student Signature\n          </legend>\n          \n          <textarea\n            onChange={[Function]}\n            onInput={[Function]}\n            placeholder=\"Please leave a comment ...\"\n            rows={3}\n            value=\"\"\n          />\n          <button\n            className=\"ui icon primary right floated left labeled button\"\n            onClick={[Function]}\n          >\n            <i\n              aria-hidden=\"true\"\n              className=\"pencil alternate icon\"\n              onClick={[Function]}\n            />\n            Sign\n          </button>\n          <button\n            className=\"ui red icon right floated left labeled button\"\n            onClick={[Function]}\n          >\n            <i\n              aria-hidden=\"true\"\n              className=\"ban icon\"\n              onClick={[Function]}\n            />\n            Reject\n          </button>\n        </fieldset>\n      </div>\n    </div>\n  </div>\n  <div\n    className=\"ui dividing header\"\n  >\n    Readonly\n  </div>\n  <div\n    className=\"ui form form-Abfdcefijjc\"\n  >\n    <div\n      className=\"fields\"\n    >\n      <div\n        className=\"five wide field\"\n      >\n        <fieldset\n          className=\"form-Afabfdjdig\"\n        >\n          <legend>\n            Dean Signature\n          </legend>\n          <div\n            className=\"ui list\"\n            role=\"list\"\n          >\n            <div\n              className=\"item\"\n              onClick={[Function]}\n              role=\"listitem\"\n            >\n              <i\n                aria-hidden=\"true\"\n                className=\"ban icon\"\n                onClick={[Function]}\n              />\n              <div\n                className=\"content\"\n              >\n                Simeon Simoff rejected to sign on 10/15/2018\n              </div>\n            </div>\n            <div\n              className=\"item\"\n              onClick={[Function]}\n              role=\"listitem\"\n            >\n              <i\n                aria-hidden=\"true\"\n                className=\"comment icon\"\n                onClick={[Function]}\n              />\n              <div\n                className=\"content\"\n              >\n                All wrong\n              </div>\n            </div>\n          </div>\n        </fieldset>\n      </div>\n      <div\n        className=\"five wide field\"\n      >\n        <fieldset\n          className=\"form-Afabfdjdig\"\n        >\n          <legend>\n            Supervisor Signature\n          </legend>\n          <div\n            className=\"ui items\"\n          >\n            <div\n              className=\"item\"\n            >\n              <div\n                className=\"ui tiny image\"\n              >\n                <img\n                  src=\"data:image/png;base64,iVBORw0KGgoAAAANSUhEUgAAACAAAAAoCAYAAACfKfiZAAAABGdBTUEAALGPC/xhBQAAACBjSFJNAAB6JgAAgIQAAPoAAACA6AAAdTAAAOpgAAA6mAAAF3CculE8AAAACXBIWXMAAAsTAAALEwEAmpwYAAACC2lUWHRYTUw6Y29tLmFkb2JlLnhtcAAAAAAAPHg6eG1wbWV0YSB4bWxuczp4PSJhZG9iZTpuczptZXRhLyIgeDp4bXB0az0iWE1QIENvcmUgNS40LjAiPgogICA8cmRmOlJERiB4bWxuczpyZGY9Imh0dHA6Ly93d3cudzMub3JnLzE5OTkvMDIvMjItcmRmLXN5bnRheC1ucyMiPgogICAgICA8cmRmOkRlc2NyaXB0aW9uIHJkZjphYm91dD0iIgogICAgICAgICAgICB4bWxuczp0aWZmPSJodHRwOi8vbnMuYWRvYmUuY29tL3RpZmYvMS4wLyI+CiAgICAgICAgIDx0aWZmOlJlc29sdXRpb25Vbml0PjI8L3RpZmY6UmVzb2x1dGlvblVuaXQ+CiAgICAgICAgIDx0aWZmOkNvbXByZXNzaW9uPjE8L3RpZmY6Q29tcHJlc3Npb24+CiAgICAgICAgIDx0aWZmOk9yaWVudGF0aW9uPjE8L3RpZmY6T3JpZW50YXRpb24+CiAgICAgICAgIDx0aWZmOlBob3RvbWV0cmljSW50ZXJwcmV0YXRpb24+MjwvdGlmZjpQaG90b21ldHJpY0ludGVycHJldGF0aW9uPgogICAgICA8L3JkZjpEZXNjcmlwdGlvbj4KICAgPC9yZGY6UkRGPgo8L3g6eG1wbWV0YT4KD0UqkwAADEZJREFUWAl9WAl4VEUS/t+byWRyQRJuFBLAcMkRCEfCGQ5BkNMDVNTF1dX1+tRVQUF2XWR1xWNRPxd0RUEEFV2VQ0BBSeQUWBCScMkiN5k3yUwymUky1+utqjcTguj29733Jt3V3dVVf/1VHU1Rw281GuJhjcd1HWHDgAoG4WjXDpHKStR8sAzmubNImn4bkgcMRNRfg6jPh4Q2baFpGlQ0Ck2n2Zr+WzuAN/j1ZpqX9dds/kaVk7iLnsq/zFPGTVMa/uZ+z99fUO7bpklf5fN/VdFI+LL56hfrxQc1/nGFetxFJwjR6aJ0UlVXB/8Ng6C1vxZay9Ywv/kWWrsWQCY9dbVAahrU/hJofXtBa94CURp3rlyBpKHDoSJhJHboeMUW8Y4rFCDVodnsqDt0EL7euXE56MMHA8dLYF70SZ+W2x1ah2ug2ROgzp+BuXOv1U9vfVQhzKIicoE13fnhCjSdcUfMJeQOOlxDi5tCvo3MVPnnZ8Xc7skTlNEvV0zrvnOGqvl6kwqePaPCvmoVCQSsp6ZGhVzlKrBrp6p8do7lmgxduceOVsaAvvJ32Ou1tmq0B3dcYYHgyf8iuHcPgoteA5xJUEXbgIF9kPrWO3Dm9hGXhMpKET5yBGb5RSBCQGveHPacHDh69kQCATR8/jz8C19C5K3FsF03EuYP38GxcDGSxoyFIztbAErgsywhakWj8gns26toSTm5MXSQfCuema0i9fUqZLgUg4sBFwcjAzL+xPvd98xUtaWliiFc/dEqkTWGDxY5Xrtq1UrZKw5KKwpiCnheXiiC7imT5Fv5t+dlIX/R1kaKFShe0Bg0QBn5/ayHf5PCRuEQ5UqByHoXvyVzfRvWixLucWOU0beXcnXJUmGvp0EJu5iCYpyblpgoX3PvNuh334WMOc/Cv3EDAuNvgG3YIIAAB68HYDlGfxxMyiR3JZM7whQJBbAnpyD4wEPwlpcj47n5MJe+i/p77oXePxdaVifo5FpupIW8lEkWqP73p8rVs4uciM0ZKr+o6srK5DTGqOHK6NXNMjeBns1uDBqojD49lNGzqzKGFFhj1C8uaZGo3NdfJydnk0dpfWPqJGV0vEq5slupqvffU1FyKzdxQc23W2Qj9+hCa9LSd1U0HFKuofnK6NJRGQPzlKttqvIXF6mwx6Oqlr8vcsZgGh85XH5XPD1LBS+cV3XHjirjRtosu41yk+Ls9+C5c6p2/36RY8W4z/Pm65cU8L69RDR3jxklQsGLF5T/++LYhNEyVrlgvkyIv3xrvpRxtlYlsWA0fIn5ajZtbNiMLeJ59WUVDQaVMWm8MjpnKyOXLDfherGCON85nBiLfXKsFLZ7ZsKe2Qz169ZKDlB+P7RsYr+DPyJSU0NSJEccnzZpMpI3bYDjjUXImP0MdLsdoH5u4ZJD1twaH7Te1yL8ynMwg/Vw3Dwd6vgpqB9L5bdOWBIFzOpqa8JpFxLyB4lw9MvV0Hp2tcDWtj3MTz9H9QICVJiAZrORFgppY8ch45FHZa7sTP3Vq1Yi9NRsaEPyAV810LQphUUAkYsX4ejeXQ7KslpKikzROcP5p46Elt9fBm1t28KkU6ufzgIpqYBJCPfTSSgKIgtfQdXLL5GCwTiJiCISSbScb80XqCfK1XlzOr1ESSxSom439IxMa1Oi6rpbpqH+cBn0iKsc6kIttNig5nSSDSMiyClYFqfcAG8lbOPHIjR3Hmp3bJfxGIhlo+CZ06idcqO1eX2dNZ/f7FtupLSWQOtwczjkEzp4ELqjYyfYfjcD6szP0mnWkjIOindu7FM+AX8zmiG64Ws4316MlJEjRTHO+RopSayGxPZZSC0ugrl9t8UXMW6J+0djWg+FrXXJjdwSevSEbiNfpM79M1TZcZGNnj0LPTUVnO3Y9GKF1CZQ3+9EApm/6X1/JDlSijZX/JByrAS7KnXYcCRv+Arm7n1AEhETH9+0TGBr1RLRigrZ2NyyFUmfrUYS5Q4BYZQAwmJalw6IbCsWE9kn3UhK/SQ4UMcPQP/9TKTHAccMRs330Sp45s0VYLKiKhJB2rjxSFzyT6idewiAGYDHDa1HDuyt2zREh0yOKSYKhCj70ZnA+T360WpEXS44J0yylCJaRUUIOmU5DhtufPKqZe+h/vYZiL74Eryzn0Q0EKDawPKxre1V1lwqVEw6hOPhx8ktNoQ+XAatVzdo3TohRIBlhYUJA3v3WJRbMEBIx7PoHypqEn3ePFW5mtmJavOln1CugqdPC7GU01RjGCegoRaJ3X2Xqjt6RAX2/GAlq+45Ms5yoQq38u/Y3kBOzITeJYuF0zROi+zPOiIa/1N/AqqqYO49gPSTJwGbDm9WNmxDCwTFas9+62RsrXiocSJKawocOwCTLMVN73Q1tJxuiGzajBRKZskjR6FyxGBo1T7i5VokzluAtOm3ikUtBQRUFGkvvoDwnLnQuucAhOpmazegfv9/4MsvgI3rvRYtoQJ+Kypq6RuvdpkrOMMlUPTQl6ocRL4rhpOwkH7/A/ASeMOzniZi60Iu6INmH6xsAK5dwkxARYimspqb1vEamOs3wvvEY8h8/U1opSXwUchw0/N6WQTVJD2GcAIkK8LlN4WX+rYITMjJX3yOJlOmonrFcoRoc9uEcVAlB8j2XiEyWxIpTJYXDFAoiT/qjhxWrqvTxFfxFOu+83YV8lRS7edXVe8tVa6WDhln3/7aUzn/Ocl+0UhEeRa9Zq01YpjghH3vW7fWymex2vBSTchWII34clFfUoLAg3+Alp4JVbxdyDBl00YkFRZC0SnDhI/IiRMwiV6ZpLSMDNg7dEDCNTmwZaQjWFYG/5zZML/6GrbRI2Du2Qrnvz6GMz8fCeRajriGZqkTe8csEaFaoOLhBy3th1IJ1r+P/HYNyFVVHyxXdaUlVAW7VLiqSkWqq1W4okLVn/hJTue+4zZrHtcRowrl5FyqBammbGiNKuMrLBCucCOwZg2chSPgn/UE2YyQW7YXWifCAAHQPFDSoLzWsS2VZ07gyEmJDh7Q2jSlOM+FIhBqvbpCHTqKVAJy+OgRJOR0RnI/SnoEWmFPlmetZEVGMrFZzfq1CEycjJSv1iOhc2dwqpb+vnkWWeVkUaY8bUVKs+ZCwayY+rEMWucsioREIp/jSNn6HXRKxXpyMkwiKX9eP9iJNTPnLyAk8M6yK/3mFjMJm9Q1uL8yel9rmXHwQIuA1q1RXLIbE8epikceovrxM+WedpPIMBCNYQWK6gBV8egjytW9k6rZslmIhytnBrHIUAXN39qSQ9aWMXdbFoid3vfpatRNmw592GCpcCWnh+qhjp1C8pbNZMIcROjSwRSa2LUruepLuTemTrsVEU8lEVEF7FlZiHKNcdd0cs3PdIckK7XrKABXO36A7cnHkbnwVcK7hCC5gDRhE/N12zOCLqAaVTtc8bBSzO2c6aImzP2HoBcOQbRoO5JXf4ImVFA0bvWlpaim7GabPAHRNeuhE99LMmK+p3Jd1muaDnPbLqTt24fkvDzBAq1utQBRpio5DrRqQ9TaxHq4DuDcTXSrFw6FOrAd9ltvQSoRDDcGE8cop2Rnjx5IfPMNa/PrRljpmAuTMNEzp2YKaT6Q1sKJ2qXvNKRxcQEj39uHaNJORcOpCw2I1vN60+npBKZVkJjFO5D6fTFShg67DMlyOrJU6MJ5VF1FeWBAX2tjnpdIazbOId2JZQ+fQNruXUgemA/Jn/7ly6DOeaHPnAhbhw6wE+1yaq177H5oma2oPkiEOrgTNrotJVFe4CY+lF/0YjeRNRyUhh3vvoPgvfdB5wTG1EzFiWPJYiGqMF35Tbr8qmrCyDNPIXHdRjog3VAYmXy9jt9WBKb0Ylrlut49ZqQgOLB712UIjsvJN4ZqJijX1elEXrnK6NFFuQryFJXzDaJUVdPd0GuRGRGYFYYNw/SDQpKFuNUdLrNCKKu1cj/0AF3hItIfD1vrj0bvmBJVH64QxVn56k8+FgFZsxEDxmdZCvBEKkB+uTBfsfkfDpxEag/stxaKbRJf4LJvnE8oebly6S6Z3UKKEWti7H9OLMOP7GkqwYD4MO7P2JeEhC6dN0xE9NRJ+ecED8l/vX4h2/AnxzbNs1OJn/jYLJgeDxLibMk44cYyjb6XqNjqvuIdpTI9UlmBxHbtyQ5WxrxCqHFHTCZC13gVCiGhVev/O+9/zMwmt2ILV9kAAAAASUVORK5CYII=\"\n                  title=\"Invalid Signature. Document data do not match the signed document data.\"\n                />\n              </div>\n              <div\n                className=\"content\"\n              >\n                <span\n                  className=\"form-Acaibjjfjig\"\n                  style={\n                    Object {\n                      \"fontFamily\": \"Pacifico\",\n                    }\n                  }\n                >\n                  Alladin Hasan\n                </span>\n                <br />\n                <span\n                  className=\"form-Adheafhbia\"\n                >\n                  10/15/2018\n                </span>\n              </div>\n            </div>\n          </div>\n          \n        </fieldset>\n      </div>\n      <div\n        className=\"five wide field\"\n      >\n        <fieldset\n          className=\"form-Afabfdjdig\"\n        >\n          <legend>\n            Student Signature\n          </legend>\n          \n          <div\n            className=\"form-Ajfbagecdb\"\n          >\n             \n          </div>\n        </fieldset>\n      </div>\n    </div>\n    <div\n      className=\"fields\"\n    >\n      <div\n        className=\"five wide field\"\n      >\n         \n      </div>\n      <div\n        className=\"five wide field\"\n      >\n        <fieldset\n          className=\"form-Afabfdjdig\"\n        >\n          <legend>\n            Supervisor Signature\n          </legend>\n          <div\n            className=\"ui items\"\n          >\n            <div\n              className=\"item\"\n            >\n              <div\n                className=\"ui tiny image\"\n              >\n                <img\n                  src=\"data:image/png;base64,iVBORw0KGgoAAAANSUhEUgAAACAAAAAoCAYAAACfKfiZAAAABGdBTUEAALGPC/xhBQAAACBjSFJNAAB6JgAAgIQAAPoAAACA6AAAdTAAAOpgAAA6mAAAF3CculE8AAAACXBIWXMAAAsTAAALEwEAmpwYAAACC2lUWHRYTUw6Y29tLmFkb2JlLnhtcAAAAAAAPHg6eG1wbWV0YSB4bWxuczp4PSJhZG9iZTpuczptZXRhLyIgeDp4bXB0az0iWE1QIENvcmUgNS40LjAiPgogICA8cmRmOlJERiB4bWxuczpyZGY9Imh0dHA6Ly93d3cudzMub3JnLzE5OTkvMDIvMjItcmRmLXN5bnRheC1ucyMiPgogICAgICA8cmRmOkRlc2NyaXB0aW9uIHJkZjphYm91dD0iIgogICAgICAgICAgICB4bWxuczp0aWZmPSJodHRwOi8vbnMuYWRvYmUuY29tL3RpZmYvMS4wLyI+CiAgICAgICAgIDx0aWZmOlJlc29sdXRpb25Vbml0PjI8L3RpZmY6UmVzb2x1dGlvblVuaXQ+CiAgICAgICAgIDx0aWZmOkNvbXByZXNzaW9uPjE8L3RpZmY6Q29tcHJlc3Npb24+CiAgICAgICAgIDx0aWZmOk9yaWVudGF0aW9uPjE8L3RpZmY6T3JpZW50YXRpb24+CiAgICAgICAgIDx0aWZmOlBob3RvbWV0cmljSW50ZXJwcmV0YXRpb24+MjwvdGlmZjpQaG90b21ldHJpY0ludGVycHJldGF0aW9uPgogICAgICA8L3JkZjpEZXNjcmlwdGlvbj4KICAgPC9yZGY6UkRGPgo8L3g6eG1wbWV0YT4KD0UqkwAADEZJREFUWAl9WAl4VEUS/t+byWRyQRJuFBLAcMkRCEfCGQ5BkNMDVNTF1dX1+tRVQUF2XWR1xWNRPxd0RUEEFV2VQ0BBSeQUWBCScMkiN5k3yUwymUky1+utqjcTguj29733Jt3V3dVVf/1VHU1Rw281GuJhjcd1HWHDgAoG4WjXDpHKStR8sAzmubNImn4bkgcMRNRfg6jPh4Q2baFpGlQ0Ck2n2Zr+WzuAN/j1ZpqX9dds/kaVk7iLnsq/zFPGTVMa/uZ+z99fUO7bpklf5fN/VdFI+LL56hfrxQc1/nGFetxFJwjR6aJ0UlVXB/8Ng6C1vxZay9Ywv/kWWrsWQCY9dbVAahrU/hJofXtBa94CURp3rlyBpKHDoSJhJHboeMUW8Y4rFCDVodnsqDt0EL7euXE56MMHA8dLYF70SZ+W2x1ah2ug2ROgzp+BuXOv1U9vfVQhzKIicoE13fnhCjSdcUfMJeQOOlxDi5tCvo3MVPnnZ8Xc7skTlNEvV0zrvnOGqvl6kwqePaPCvmoVCQSsp6ZGhVzlKrBrp6p8do7lmgxduceOVsaAvvJ32Ou1tmq0B3dcYYHgyf8iuHcPgoteA5xJUEXbgIF9kPrWO3Dm9hGXhMpKET5yBGb5RSBCQGveHPacHDh69kQCATR8/jz8C19C5K3FsF03EuYP38GxcDGSxoyFIztbAErgsywhakWj8gns26toSTm5MXSQfCuema0i9fUqZLgUg4sBFwcjAzL+xPvd98xUtaWliiFc/dEqkTWGDxY5Xrtq1UrZKw5KKwpiCnheXiiC7imT5Fv5t+dlIX/R1kaKFShe0Bg0QBn5/ayHf5PCRuEQ5UqByHoXvyVzfRvWixLucWOU0beXcnXJUmGvp0EJu5iCYpyblpgoX3PvNuh334WMOc/Cv3EDAuNvgG3YIIAAB68HYDlGfxxMyiR3JZM7whQJBbAnpyD4wEPwlpcj47n5MJe+i/p77oXePxdaVifo5FpupIW8lEkWqP73p8rVs4uciM0ZKr+o6srK5DTGqOHK6NXNMjeBns1uDBqojD49lNGzqzKGFFhj1C8uaZGo3NdfJydnk0dpfWPqJGV0vEq5slupqvffU1FyKzdxQc23W2Qj9+hCa9LSd1U0HFKuofnK6NJRGQPzlKttqvIXF6mwx6Oqlr8vcsZgGh85XH5XPD1LBS+cV3XHjirjRtosu41yk+Ls9+C5c6p2/36RY8W4z/Pm65cU8L69RDR3jxklQsGLF5T/++LYhNEyVrlgvkyIv3xrvpRxtlYlsWA0fIn5ajZtbNiMLeJ59WUVDQaVMWm8MjpnKyOXLDfherGCON85nBiLfXKsFLZ7ZsKe2Qz169ZKDlB+P7RsYr+DPyJSU0NSJEccnzZpMpI3bYDjjUXImP0MdLsdoH5u4ZJD1twaH7Te1yL8ynMwg/Vw3Dwd6vgpqB9L5bdOWBIFzOpqa8JpFxLyB4lw9MvV0Hp2tcDWtj3MTz9H9QICVJiAZrORFgppY8ch45FHZa7sTP3Vq1Yi9NRsaEPyAV810LQphUUAkYsX4ejeXQ7KslpKikzROcP5p46Elt9fBm1t28KkU6ufzgIpqYBJCPfTSSgKIgtfQdXLL5GCwTiJiCISSbScb80XqCfK1XlzOr1ESSxSom439IxMa1Oi6rpbpqH+cBn0iKsc6kIttNig5nSSDSMiyClYFqfcAG8lbOPHIjR3Hmp3bJfxGIhlo+CZ06idcqO1eX2dNZ/f7FtupLSWQOtwczjkEzp4ELqjYyfYfjcD6szP0mnWkjIOindu7FM+AX8zmiG64Ws4316MlJEjRTHO+RopSayGxPZZSC0ugrl9t8UXMW6J+0djWg+FrXXJjdwSevSEbiNfpM79M1TZcZGNnj0LPTUVnO3Y9GKF1CZQ3+9EApm/6X1/JDlSijZX/JByrAS7KnXYcCRv+Arm7n1AEhETH9+0TGBr1RLRigrZ2NyyFUmfrUYS5Q4BYZQAwmJalw6IbCsWE9kn3UhK/SQ4UMcPQP/9TKTHAccMRs330Sp45s0VYLKiKhJB2rjxSFzyT6idewiAGYDHDa1HDuyt2zREh0yOKSYKhCj70ZnA+T360WpEXS44J0yylCJaRUUIOmU5DhtufPKqZe+h/vYZiL74Eryzn0Q0EKDawPKxre1V1lwqVEw6hOPhx8ktNoQ+XAatVzdo3TohRIBlhYUJA3v3WJRbMEBIx7PoHypqEn3ePFW5mtmJavOln1CugqdPC7GU01RjGCegoRaJ3X2Xqjt6RAX2/GAlq+45Ms5yoQq38u/Y3kBOzITeJYuF0zROi+zPOiIa/1N/AqqqYO49gPSTJwGbDm9WNmxDCwTFas9+62RsrXiocSJKawocOwCTLMVN73Q1tJxuiGzajBRKZskjR6FyxGBo1T7i5VokzluAtOm3ikUtBQRUFGkvvoDwnLnQuucAhOpmazegfv9/4MsvgI3rvRYtoQJ+Kypq6RuvdpkrOMMlUPTQl6ocRL4rhpOwkH7/A/ASeMOzniZi60Iu6INmH6xsAK5dwkxARYimspqb1vEamOs3wvvEY8h8/U1opSXwUchw0/N6WQTVJD2GcAIkK8LlN4WX+rYITMjJX3yOJlOmonrFcoRoc9uEcVAlB8j2XiEyWxIpTJYXDFAoiT/qjhxWrqvTxFfxFOu+83YV8lRS7edXVe8tVa6WDhln3/7aUzn/Ocl+0UhEeRa9Zq01YpjghH3vW7fWymex2vBSTchWII34clFfUoLAg3+Alp4JVbxdyDBl00YkFRZC0SnDhI/IiRMwiV6ZpLSMDNg7dEDCNTmwZaQjWFYG/5zZML/6GrbRI2Du2Qrnvz6GMz8fCeRajriGZqkTe8csEaFaoOLhBy3th1IJ1r+P/HYNyFVVHyxXdaUlVAW7VLiqSkWqq1W4okLVn/hJTue+4zZrHtcRowrl5FyqBammbGiNKuMrLBCucCOwZg2chSPgn/UE2YyQW7YXWifCAAHQPFDSoLzWsS2VZ07gyEmJDh7Q2jSlOM+FIhBqvbpCHTqKVAJy+OgRJOR0RnI/SnoEWmFPlmetZEVGMrFZzfq1CEycjJSv1iOhc2dwqpb+vnkWWeVkUaY8bUVKs+ZCwayY+rEMWucsioREIp/jSNn6HXRKxXpyMkwiKX9eP9iJNTPnLyAk8M6yK/3mFjMJm9Q1uL8yel9rmXHwQIuA1q1RXLIbE8epikceovrxM+WedpPIMBCNYQWK6gBV8egjytW9k6rZslmIhytnBrHIUAXN39qSQ9aWMXdbFoid3vfpatRNmw592GCpcCWnh+qhjp1C8pbNZMIcROjSwRSa2LUruepLuTemTrsVEU8lEVEF7FlZiHKNcdd0cs3PdIckK7XrKABXO36A7cnHkbnwVcK7hCC5gDRhE/N12zOCLqAaVTtc8bBSzO2c6aImzP2HoBcOQbRoO5JXf4ImVFA0bvWlpaim7GabPAHRNeuhE99LMmK+p3Jd1muaDnPbLqTt24fkvDzBAq1utQBRpio5DrRqQ9TaxHq4DuDcTXSrFw6FOrAd9ltvQSoRDDcGE8cop2Rnjx5IfPMNa/PrRljpmAuTMNEzp2YKaT6Q1sKJ2qXvNKRxcQEj39uHaNJORcOpCw2I1vN60+npBKZVkJjFO5D6fTFShg67DMlyOrJU6MJ5VF1FeWBAX2tjnpdIazbOId2JZQ+fQNruXUgemA/Jn/7ly6DOeaHPnAhbhw6wE+1yaq177H5oma2oPkiEOrgTNrotJVFe4CY+lF/0YjeRNRyUhh3vvoPgvfdB5wTG1EzFiWPJYiGqMF35Tbr8qmrCyDNPIXHdRjog3VAYmXy9jt9WBKb0Ylrlut49ZqQgOLB712UIjsvJN4ZqJijX1elEXrnK6NFFuQryFJXzDaJUVdPd0GuRGRGYFYYNw/SDQpKFuNUdLrNCKKu1cj/0AF3hItIfD1vrj0bvmBJVH64QxVn56k8+FgFZsxEDxmdZCvBEKkB+uTBfsfkfDpxEag/stxaKbRJf4LJvnE8oebly6S6Z3UKKEWti7H9OLMOP7GkqwYD4MO7P2JeEhC6dN0xE9NRJ+ecED8l/vX4h2/AnxzbNs1OJn/jYLJgeDxLibMk44cYyjb6XqNjqvuIdpTI9UlmBxHbtyQ5WxrxCqHFHTCZC13gVCiGhVev/O+9/zMwmt2ILV9kAAAAASUVORK5CYII=\"\n                  title=\"Invalid Signature. Document data do not match the signed document data.\"\n                />\n              </div>\n              <div\n                className=\"content\"\n              >\n                <span\n                  className=\"form-Acaibjjfjig\"\n                  style={\n                    Object {\n                      \"fontFamily\": \"Pacifico\",\n                    }\n                  }\n                >\n                  Alladin Hasan\n                </span>\n                <br />\n                <span\n                  className=\"form-Adheafhbia\"\n                >\n                  10/15/2018\n                </span>\n              </div>\n            </div>\n          </div>\n          \n        </fieldset>\n      </div>\n      <div\n        className=\"five wide field\"\n      >\n        <fieldset\n          className=\"form-Afabfdjdig\"\n        >\n          <legend>\n            Student Signature\n          </legend>\n          \n          <div\n            className=\"form-Ajfbagecdb\"\n          >\n             \n          </div>\n        </fieldset>\n      </div>\n    </div>\n    <div\n      className=\"fields\"\n    >\n      <div\n        className=\"five wide field\"\n      >\n         \n      </div>\n      <div\n        className=\"five wide field\"\n      >\n        <fieldset\n          className=\"form-Afabfdjdig\"\n        >\n          <legend>\n            Supervisor Signature\n          </legend>\n          <div\n            className=\"ui items\"\n          >\n            <div\n              className=\"item\"\n            >\n              <div\n                className=\"ui tiny image\"\n              >\n                <img\n                  src=\"data:image/png;base64,iVBORw0KGgoAAAANSUhEUgAAACAAAAAoCAYAAACfKfiZAAAABGdBTUEAALGPC/xhBQAAACBjSFJNAAB6JgAAgIQAAPoAAACA6AAAdTAAAOpgAAA6mAAAF3CculE8AAAACXBIWXMAAAsTAAALEwEAmpwYAAACC2lUWHRYTUw6Y29tLmFkb2JlLnhtcAAAAAAAPHg6eG1wbWV0YSB4bWxuczp4PSJhZG9iZTpuczptZXRhLyIgeDp4bXB0az0iWE1QIENvcmUgNS40LjAiPgogICA8cmRmOlJERiB4bWxuczpyZGY9Imh0dHA6Ly93d3cudzMub3JnLzE5OTkvMDIvMjItcmRmLXN5bnRheC1ucyMiPgogICAgICA8cmRmOkRlc2NyaXB0aW9uIHJkZjphYm91dD0iIgogICAgICAgICAgICB4bWxuczp0aWZmPSJodHRwOi8vbnMuYWRvYmUuY29tL3RpZmYvMS4wLyI+CiAgICAgICAgIDx0aWZmOlJlc29sdXRpb25Vbml0PjI8L3RpZmY6UmVzb2x1dGlvblVuaXQ+CiAgICAgICAgIDx0aWZmOkNvbXByZXNzaW9uPjE8L3RpZmY6Q29tcHJlc3Npb24+CiAgICAgICAgIDx0aWZmOk9yaWVudGF0aW9uPjE8L3RpZmY6T3JpZW50YXRpb24+CiAgICAgICAgIDx0aWZmOlBob3RvbWV0cmljSW50ZXJwcmV0YXRpb24+MjwvdGlmZjpQaG90b21ldHJpY0ludGVycHJldGF0aW9uPgogICAgICA8L3JkZjpEZXNjcmlwdGlvbj4KICAgPC9yZGY6UkRGPgo8L3g6eG1wbWV0YT4KD0UqkwAADEZJREFUWAl9WAl4VEUS/t+byWRyQRJuFBLAcMkRCEfCGQ5BkNMDVNTF1dX1+tRVQUF2XWR1xWNRPxd0RUEEFV2VQ0BBSeQUWBCScMkiN5k3yUwymUky1+utqjcTguj29733Jt3V3dVVf/1VHU1Rw281GuJhjcd1HWHDgAoG4WjXDpHKStR8sAzmubNImn4bkgcMRNRfg6jPh4Q2baFpGlQ0Ck2n2Zr+WzuAN/j1ZpqX9dds/kaVk7iLnsq/zFPGTVMa/uZ+z99fUO7bpklf5fN/VdFI+LL56hfrxQc1/nGFetxFJwjR6aJ0UlVXB/8Ng6C1vxZay9Ywv/kWWrsWQCY9dbVAahrU/hJofXtBa94CURp3rlyBpKHDoSJhJHboeMUW8Y4rFCDVodnsqDt0EL7euXE56MMHA8dLYF70SZ+W2x1ah2ug2ROgzp+BuXOv1U9vfVQhzKIicoE13fnhCjSdcUfMJeQOOlxDi5tCvo3MVPnnZ8Xc7skTlNEvV0zrvnOGqvl6kwqePaPCvmoVCQSsp6ZGhVzlKrBrp6p8do7lmgxduceOVsaAvvJ32Ou1tmq0B3dcYYHgyf8iuHcPgoteA5xJUEXbgIF9kPrWO3Dm9hGXhMpKET5yBGb5RSBCQGveHPacHDh69kQCATR8/jz8C19C5K3FsF03EuYP38GxcDGSxoyFIztbAErgsywhakWj8gns26toSTm5MXSQfCuema0i9fUqZLgUg4sBFwcjAzL+xPvd98xUtaWliiFc/dEqkTWGDxY5Xrtq1UrZKw5KKwpiCnheXiiC7imT5Fv5t+dlIX/R1kaKFShe0Bg0QBn5/ayHf5PCRuEQ5UqByHoXvyVzfRvWixLucWOU0beXcnXJUmGvp0EJu5iCYpyblpgoX3PvNuh334WMOc/Cv3EDAuNvgG3YIIAAB68HYDlGfxxMyiR3JZM7whQJBbAnpyD4wEPwlpcj47n5MJe+i/p77oXePxdaVifo5FpupIW8lEkWqP73p8rVs4uciM0ZKr+o6srK5DTGqOHK6NXNMjeBns1uDBqojD49lNGzqzKGFFhj1C8uaZGo3NdfJydnk0dpfWPqJGV0vEq5slupqvffU1FyKzdxQc23W2Qj9+hCa9LSd1U0HFKuofnK6NJRGQPzlKttqvIXF6mwx6Oqlr8vcsZgGh85XH5XPD1LBS+cV3XHjirjRtosu41yk+Ls9+C5c6p2/36RY8W4z/Pm65cU8L69RDR3jxklQsGLF5T/++LYhNEyVrlgvkyIv3xrvpRxtlYlsWA0fIn5ajZtbNiMLeJ59WUVDQaVMWm8MjpnKyOXLDfherGCON85nBiLfXKsFLZ7ZsKe2Qz169ZKDlB+P7RsYr+DPyJSU0NSJEccnzZpMpI3bYDjjUXImP0MdLsdoH5u4ZJD1twaH7Te1yL8ynMwg/Vw3Dwd6vgpqB9L5bdOWBIFzOpqa8JpFxLyB4lw9MvV0Hp2tcDWtj3MTz9H9QICVJiAZrORFgppY8ch45FHZa7sTP3Vq1Yi9NRsaEPyAV810LQphUUAkYsX4ejeXQ7KslpKikzROcP5p46Elt9fBm1t28KkU6ufzgIpqYBJCPfTSSgKIgtfQdXLL5GCwTiJiCISSbScb80XqCfK1XlzOr1ESSxSom439IxMa1Oi6rpbpqH+cBn0iKsc6kIttNig5nSSDSMiyClYFqfcAG8lbOPHIjR3Hmp3bJfxGIhlo+CZ06idcqO1eX2dNZ/f7FtupLSWQOtwczjkEzp4ELqjYyfYfjcD6szP0mnWkjIOindu7FM+AX8zmiG64Ws4316MlJEjRTHO+RopSayGxPZZSC0ugrl9t8UXMW6J+0djWg+FrXXJjdwSevSEbiNfpM79M1TZcZGNnj0LPTUVnO3Y9GKF1CZQ3+9EApm/6X1/JDlSijZX/JByrAS7KnXYcCRv+Arm7n1AEhETH9+0TGBr1RLRigrZ2NyyFUmfrUYS5Q4BYZQAwmJalw6IbCsWE9kn3UhK/SQ4UMcPQP/9TKTHAccMRs330Sp45s0VYLKiKhJB2rjxSFzyT6idewiAGYDHDa1HDuyt2zREh0yOKSYKhCj70ZnA+T360WpEXS44J0yylCJaRUUIOmU5DhtufPKqZe+h/vYZiL74Eryzn0Q0EKDawPKxre1V1lwqVEw6hOPhx8ktNoQ+XAatVzdo3TohRIBlhYUJA3v3WJRbMEBIx7PoHypqEn3ePFW5mtmJavOln1CugqdPC7GU01RjGCegoRaJ3X2Xqjt6RAX2/GAlq+45Ms5yoQq38u/Y3kBOzITeJYuF0zROi+zPOiIa/1N/AqqqYO49gPSTJwGbDm9WNmxDCwTFas9+62RsrXiocSJKawocOwCTLMVN73Q1tJxuiGzajBRKZskjR6FyxGBo1T7i5VokzluAtOm3ikUtBQRUFGkvvoDwnLnQuucAhOpmazegfv9/4MsvgI3rvRYtoQJ+Kypq6RuvdpkrOMMlUPTQl6ocRL4rhpOwkH7/A/ASeMOzniZi60Iu6INmH6xsAK5dwkxARYimspqb1vEamOs3wvvEY8h8/U1opSXwUchw0/N6WQTVJD2GcAIkK8LlN4WX+rYITMjJX3yOJlOmonrFcoRoc9uEcVAlB8j2XiEyWxIpTJYXDFAoiT/qjhxWrqvTxFfxFOu+83YV8lRS7edXVe8tVa6WDhln3/7aUzn/Ocl+0UhEeRa9Zq01YpjghH3vW7fWymex2vBSTchWII34clFfUoLAg3+Alp4JVbxdyDBl00YkFRZC0SnDhI/IiRMwiV6ZpLSMDNg7dEDCNTmwZaQjWFYG/5zZML/6GrbRI2Du2Qrnvz6GMz8fCeRajriGZqkTe8csEaFaoOLhBy3th1IJ1r+P/HYNyFVVHyxXdaUlVAW7VLiqSkWqq1W4okLVn/hJTue+4zZrHtcRowrl5FyqBammbGiNKuMrLBCucCOwZg2chSPgn/UE2YyQW7YXWifCAAHQPFDSoLzWsS2VZ07gyEmJDh7Q2jSlOM+FIhBqvbpCHTqKVAJy+OgRJOR0RnI/SnoEWmFPlmetZEVGMrFZzfq1CEycjJSv1iOhc2dwqpb+vnkWWeVkUaY8bUVKs+ZCwayY+rEMWucsioREIp/jSNn6HXRKxXpyMkwiKX9eP9iJNTPnLyAk8M6yK/3mFjMJm9Q1uL8yel9rmXHwQIuA1q1RXLIbE8epikceovrxM+WedpPIMBCNYQWK6gBV8egjytW9k6rZslmIhytnBrHIUAXN39qSQ9aWMXdbFoid3vfpatRNmw592GCpcCWnh+qhjp1C8pbNZMIcROjSwRSa2LUruepLuTemTrsVEU8lEVEF7FlZiHKNcdd0cs3PdIckK7XrKABXO36A7cnHkbnwVcK7hCC5gDRhE/N12zOCLqAaVTtc8bBSzO2c6aImzP2HoBcOQbRoO5JXf4ImVFA0bvWlpaim7GabPAHRNeuhE99LMmK+p3Jd1muaDnPbLqTt24fkvDzBAq1utQBRpio5DrRqQ9TaxHq4DuDcTXSrFw6FOrAd9ltvQSoRDDcGE8cop2Rnjx5IfPMNa/PrRljpmAuTMNEzp2YKaT6Q1sKJ2qXvNKRxcQEj39uHaNJORcOpCw2I1vN60+npBKZVkJjFO5D6fTFShg67DMlyOrJU6MJ5VF1FeWBAX2tjnpdIazbOId2JZQ+fQNruXUgemA/Jn/7ly6DOeaHPnAhbhw6wE+1yaq177H5oma2oPkiEOrgTNrotJVFe4CY+lF/0YjeRNRyUhh3vvoPgvfdB5wTG1EzFiWPJYiGqMF35Tbr8qmrCyDNPIXHdRjog3VAYmXy9jt9WBKb0Ylrlut49ZqQgOLB712UIjsvJN4ZqJijX1elEXrnK6NFFuQryFJXzDaJUVdPd0GuRGRGYFYYNw/SDQpKFuNUdLrNCKKu1cj/0AF3hItIfD1vrj0bvmBJVH64QxVn56k8+FgFZsxEDxmdZCvBEKkB+uTBfsfkfDpxEag/stxaKbRJf4LJvnE8oebly6S6Z3UKKEWti7H9OLMOP7GkqwYD4MO7P2JeEhC6dN0xE9NRJ+ecED8l/vX4h2/AnxzbNs1OJn/jYLJgeDxLibMk44cYyjb6XqNjqvuIdpTI9UlmBxHbtyQ5WxrxCqHFHTCZC13gVCiGhVev/O+9/zMwmt2ILV9kAAAAASUVORK5CYII=\"\n                  title=\"Invalid Signature. Document data do not match the signed document data.\"\n                />\n              </div>\n              <div\n                className=\"content\"\n              >\n                <span\n                  className=\"form-Acaibjjfjig\"\n                  style={\n                    Object {\n                      \"fontFamily\": \"Pacifico\",\n                    }\n                  }\n                >\n                  Alladin Hasan\n                </span>\n                <br />\n                <span\n                  className=\"form-Adheafhbia\"\n                >\n                  10/15/2018\n                </span>\n              </div>\n            </div>\n          </div>\n          \n        </fieldset>\n      </div>\n      <div\n        className=\"five wide field\"\n      >\n        <fieldset\n          className=\"form-Afabfdjdig\"\n        >\n          <legend>\n            Student Signature\n          </legend>\n          \n          <div\n            className=\"form-Ajfbagecdb\"\n          >\n             \n          </div>\n        </fieldset>\n      </div>\n    </div>\n    <div\n      className=\"fields\"\n    >\n      <div\n        className=\"ten wide field\"\n      >\n         \n      </div>\n      <div\n        className=\"five wide field\"\n      >\n        <fieldset\n          className=\"form-Afabfdjdig\"\n        >\n          <legend>\n            Student Signature\n          </legend>\n          \n          <div\n            className=\"form-Ajfbagecdb\"\n          >\n             \n          </div>\n        </fieldset>\n      </div>\n    </div>\n  </div>\n</div>\n";

