exports["Table renders correctly 1"] = "\nArray [\n  <div\n    className=\"ui segment ui form\"\n  >\n    <div\n      className=\"ui dividing header\"\n    >\n      Standard\n    </div>\n    <div\n      className=\"ui form \"\n    >\n      <div\n        className=\"fields\"\n      >\n        <div\n          className=\"sixteen wide field\"\n        >\n          <div\n            className=\"ui form\"\n          >\n            <div\n              className=\"fields form-Acacaihffa\"\n            >\n              <div\n                className=\"eight wide field\"\n              >\n                <label>\n                  Name\n                </label>\n              </div>\n              <div\n                className=\"eight wide field\"\n              >\n                <label>\n                  Capital\n                </label>\n              </div>\n            </div>\n            <div\n              className=\"fields\"\n            >\n              <div\n                className=\"eight wide field\"\n              >\n                <div\n                  className=\"ui input\"\n                >\n                  <input\n                    name=\"name\"\n                    onChange={[Function]}\n                    type=\"text\"\n                    value=\"Slovakia\"\n                  />\n                </div>\n              </div>\n              <div\n                className=\"eight wide field\"\n              >\n                <div\n                  className=\"ui input\"\n                >\n                  <input\n                    name=\"capital\"\n                    onChange={[Function]}\n                    type=\"text\"\n                    value=\"Bratislava\"\n                  />\n                </div>\n              </div>\n              <div\n                className=\"one wide field\"\n              >\n                <button\n                  className=\"ui red icon button\"\n                  onClick={[Function]}\n                  value={0}\n                >\n                  <i\n                    aria-hidden=\"true\"\n                    className=\"trash icon\"\n                    onClick={[Function]}\n                  />\n                </button>\n              </div>\n            </div>\n            <div\n              className=\"fields\"\n            >\n              <div\n                className=\"eight wide field\"\n              >\n                <div\n                  className=\"ui input\"\n                >\n                  <input\n                    name=\"name\"\n                    onChange={[Function]}\n                    type=\"text\"\n                    value=\"Australia\"\n                  />\n                </div>\n              </div>\n              <div\n                className=\"eight wide field\"\n              >\n                <div\n                  className=\"ui input\"\n                >\n                  <input\n                    name=\"capital\"\n                    onChange={[Function]}\n                    type=\"text\"\n                    value=\"Canberra\"\n                  />\n                </div>\n              </div>\n              <div\n                className=\"one wide field\"\n              >\n                <button\n                  className=\"ui red icon button\"\n                  onClick={[Function]}\n                  value={1}\n                >\n                  <i\n                    aria-hidden=\"true\"\n                    className=\"trash icon\"\n                    onClick={[Function]}\n                  />\n                </button>\n              </div>\n            </div>\n            <button\n              className=\"ui icon primary left labeled button\"\n              onClick={[Function]}\n            >\n              <i\n                aria-hidden=\"true\"\n                className=\"plus icon\"\n                onClick={[Function]}\n              />\n              Add\n            </button>\n          </div>\n        </div>\n      </div>\n    </div>\n    <div\n      className=\"ui dividing header\"\n    >\n      Readonly\n    </div>\n    <div\n      className=\"ui form form-Abfdcefijjc\"\n    >\n      <div\n        className=\"fields\"\n      >\n        <div\n          className=\"sixteen wide field\"\n        >\n          <div\n            className=\"ui form\"\n          >\n            <div\n              className=\"fields form-Acacaihffa\"\n            >\n              <div\n                className=\"eight wide field\"\n              >\n                <label>\n                  Name\n                </label>\n              </div>\n              <div\n                className=\"eight wide field\"\n              >\n                <label>\n                  Capital\n                </label>\n              </div>\n            </div>\n            <div\n              className=\"fields\"\n            >\n              <div\n                className=\"eight wide field\"\n              >\n                <div\n                  className=\"ui disabled input\"\n                >\n                  <input\n                    disabled={true}\n                    name=\"name\"\n                    onChange={[Function]}\n                    tabIndex={-1}\n                    type=\"text\"\n                    value=\"Slovakia\"\n                  />\n                </div>\n              </div>\n              <div\n                className=\"eight wide field\"\n              >\n                <div\n                  className=\"ui disabled input\"\n                >\n                  <input\n                    disabled={true}\n                    name=\"capital\"\n                    onChange={[Function]}\n                    tabIndex={-1}\n                    type=\"text\"\n                    value=\"Bratislava\"\n                  />\n                </div>\n              </div>\n            </div>\n            <div\n              className=\"fields\"\n            >\n              <div\n                className=\"eight wide field\"\n              >\n                <div\n                  className=\"ui disabled input\"\n                >\n                  <input\n                    disabled={true}\n                    name=\"name\"\n                    onChange={[Function]}\n                    tabIndex={-1}\n                    type=\"text\"\n                    value=\"Australia\"\n                  />\n                </div>\n              </div>\n              <div\n                className=\"eight wide field\"\n              >\n                <div\n                  className=\"ui disabled input\"\n                >\n                  <input\n                    disabled={true}\n                    name=\"capital\"\n                    onChange={[Function]}\n                    tabIndex={-1}\n                    type=\"text\"\n                    value=\"Canberra\"\n                  />\n                </div>\n              </div>\n            </div>\n          </div>\n        </div>\n      </div>\n    </div>\n  </div>,\n  <div\n    style={\n      Object {\n        \"marginTop\": \"20px\",\n      }\n    }\n  >\n    <button\n      className=\"ui button\"\n      onClick={[Function]}\n    >\n      Undo\n    </button>\n    <button\n      className=\"ui button\"\n      onClick={[Function]}\n    >\n      Redo\n    </button>\n  </div>,\n]\n";

exports["Table renders standard 1"] = "\n<div\n  className=\"ui segment\"\n>\n  <div\n    className=\"ui dividing header\"\n  >\n    Standard\n  </div>\n  <div\n    className=\"ui form   css-1mu481t-form\"\n    data-control=\"Form\"\n  >\n    <div\n      data-control=\"Stack\"\n    >\n      <div\n        className=\"css-eoi0db-item-column\"\n      >\n        <table\n          className=\"ui table\"\n          data-control=\"Table\"\n        >\n          <thead\n            className=\"\"\n          >\n            <tr\n              className=\"\"\n            >\n              <th\n                className=\"\"\n              >\n                Name\n              </th>\n              <th\n                className=\"\"\n              >\n                Capital\n              </th>\n              <th\n                className=\"\"\n              />\n            </tr>\n          </thead>\n          <tbody\n            className=\"\"\n          >\n            <tr\n              className=\"\"\n            >\n              <td\n                className=\"\"\n              >\n                Slovakia\n              </td>\n              <td\n                className=\"\"\n              >\n                Bratislava\n              </td>\n              <td\n                className=\"collapsing\"\n              >\n                <button\n                  className=\"ui blue icon button\"\n                  data-index={0}\n                  onClick={[Function]}\n                >\n                  <i\n                    aria-hidden=\"true\"\n                    className=\"edit icon\"\n                    onClick={[Function]}\n                  />\n                </button>\n                <button\n                  className=\"ui red icon button\"\n                  data-index={0}\n                  onClick={[Function]}\n                >\n                  <i\n                    aria-hidden=\"true\"\n                    className=\"trash icon\"\n                    onClick={[Function]}\n                  />\n                </button>\n              </td>\n            </tr>\n            <tr\n              className=\"\"\n            >\n              <td\n                className=\"\"\n              >\n                Australia\n              </td>\n              <td\n                className=\"\"\n              >\n                Canberra\n              </td>\n              <td\n                className=\"collapsing\"\n              >\n                <button\n                  className=\"ui blue icon button\"\n                  data-index={1}\n                  onClick={[Function]}\n                >\n                  <i\n                    aria-hidden=\"true\"\n                    className=\"edit icon\"\n                    onClick={[Function]}\n                  />\n                </button>\n                <button\n                  className=\"ui red icon button\"\n                  data-index={1}\n                  onClick={[Function]}\n                >\n                  <i\n                    aria-hidden=\"true\"\n                    className=\"trash icon\"\n                    onClick={[Function]}\n                  />\n                </button>\n              </td>\n            </tr>\n            <tr\n              className=\"\"\n            >\n              <td\n                className=\"\"\n              >\n                <div\n                  className=\"ui input\"\n                  data-control=\"Input\"\n                >\n                  <input\n                    name=\"name\"\n                    onChange={[Function]}\n                    placeholder=\"Name\"\n                    type=\"text\"\n                  />\n                </div>\n              </td>\n              <td\n                className=\"\"\n              >\n                <div\n                  className=\"ui input\"\n                  data-control=\"Input\"\n                >\n                  <input\n                    name=\"capital\"\n                    onChange={[Function]}\n                    placeholder=\"Capital\"\n                    type=\"text\"\n                  />\n                </div>\n              </td>\n              <td\n                className=\"\"\n              >\n                <button\n                  className=\"ui blue icon button\"\n                  onClick={[Function]}\n                >\n                  <i\n                    aria-hidden=\"true\"\n                    className=\"plus icon\"\n                    onClick={[Function]}\n                  />\n                </button>\n              </td>\n            </tr>\n          </tbody>\n        </table>\n      </div>\n    </div>\n  </div>\n</div>\n";

exports["Table renders editor 1"] = "\n<div\n  className=\"ui segment\"\n>\n  <div\n    className=\"ui dividing header\"\n  >\n    Editor\n  </div>\n  <div\n    style={\n      Object {\n        \"display\": \"flex\",\n      }\n    }\n  >\n    <div\n      style={\n        Object {\n          \"flex\": \"1\",\n        }\n      }\n    >\n      <div\n        className=\"ui form   css-1mu481t-form\"\n        data-control=\"Form\"\n        id=\"5\"\n      >\n        <div\n          className=\"css-1q7g8br\"\n          data-control=\"Stack\"\n          data-editor=\"isEditor\"\n          id=\"4\"\n          layout=\"column\"\n          onClick={[Function]}\n          onDragEnd={[Function]}\n          onDragLeave={[Function]}\n          onDragOver={[Function]}\n          onDrop={[Function]}\n          onMouseOut={[Function]}\n          onMouseOver={[Function]}\n        >\n          <div\n            className=\"css-itj7i2-item-column\"\n          >\n            <div\n              data-control=\"Table\"\n              id=\"3\"\n              onClick={[Function]}\n              onMouseOut={[Function]}\n              onMouseOver={[Function]}\n            >\n              <table\n                className=\"ui table\"\n                data-control=\"Table\"\n                id=\"3\"\n                onClick={[Function]}\n                onMouseOut={[Function]}\n                onMouseOver={[Function]}\n              >\n                <thead\n                  className=\"\"\n                >\n                  <tr\n                    className=\"\"\n                  >\n                    <th\n                      className=\"\"\n                    >\n                      Name\n                    </th>\n                    <th\n                      className=\"\"\n                    >\n                      Capital\n                    </th>\n                    <th\n                      className=\"\"\n                    />\n                  </tr>\n                </thead>\n                <tbody\n                  className=\"\"\n                >\n                  <tr\n                    className=\"\"\n                  >\n                    <td\n                      className=\"\"\n                    >\n                      Slovakia\n                    </td>\n                    <td\n                      className=\"\"\n                    >\n                      Bratislava\n                    </td>\n                    <td\n                      className=\"collapsing\"\n                    >\n                      <button\n                        className=\"ui blue icon button\"\n                        data-index={0}\n                        onClick={[Function]}\n                      >\n                        <i\n                          aria-hidden=\"true\"\n                          className=\"edit icon\"\n                          onClick={[Function]}\n                        />\n                      </button>\n                      <button\n                        className=\"ui red icon button\"\n                        data-index={0}\n                        onClick={[Function]}\n                      >\n                        <i\n                          aria-hidden=\"true\"\n                          className=\"trash icon\"\n                          onClick={[Function]}\n                        />\n                      </button>\n                    </td>\n                  </tr>\n                  <tr\n                    className=\"\"\n                  >\n                    <td\n                      className=\"\"\n                    >\n                      Australia\n                    </td>\n                    <td\n                      className=\"\"\n                    >\n                      Canberra\n                    </td>\n                    <td\n                      className=\"collapsing\"\n                    >\n                      <button\n                        className=\"ui blue icon button\"\n                        data-index={1}\n                        onClick={[Function]}\n                      >\n                        <i\n                          aria-hidden=\"true\"\n                          className=\"edit icon\"\n                          onClick={[Function]}\n                        />\n                      </button>\n                      <button\n                        className=\"ui red icon button\"\n                        data-index={1}\n                        onClick={[Function]}\n                      >\n                        <i\n                          aria-hidden=\"true\"\n                          className=\"trash icon\"\n                          onClick={[Function]}\n                        />\n                      </button>\n                    </td>\n                  </tr>\n                  <tr\n                    className=\"\"\n                  >\n                    <td\n                      className=\"\"\n                    >\n                      <div\n                        className=\"ui input\"\n                        data-control=\"Input\"\n                      >\n                        <input\n                          name=\"name\"\n                          onChange={[Function]}\n                          placeholder=\"Name\"\n                          type=\"text\"\n                        />\n                      </div>\n                    </td>\n                    <td\n                      className=\"\"\n                    >\n                      <div\n                        className=\"ui input\"\n                        data-control=\"Input\"\n                      >\n                        <input\n                          name=\"capital\"\n                          onChange={[Function]}\n                          placeholder=\"Capital\"\n                          type=\"text\"\n                        />\n                      </div>\n                    </td>\n                    <td\n                      className=\"\"\n                    >\n                      <button\n                        className=\"ui blue icon button\"\n                        onClick={[Function]}\n                      >\n                        <i\n                          aria-hidden=\"true\"\n                          className=\"plus icon\"\n                          onClick={[Function]}\n                        />\n                      </button>\n                    </td>\n                  </tr>\n                </tbody>\n              </table>\n            </div>\n          </div>\n        </div>\n      </div>\n    </div>\n  </div>\n</div>\n";

