exports["TextArea renders correctly 1"] = "\n<div\n  className=\"ui segment ui form\"\n>\n  <div\n    className=\"ui dividing header\"\n  >\n    Standard\n  </div>\n  <div\n    className=\"ui form \"\n  >\n    <div\n      className=\"fields\"\n    >\n      <div\n        className=\"sixteen wide field\"\n      >\n        <label\n          htmlFor=\"description\"\n        >\n          Description\n        </label>\n        <textarea\n          error=\"\"\n          name=\"description\"\n          onChange={[Function]}\n          onInput={[Function]}\n          placeholder={null}\n          rows={3}\n          value=\"Some Description\"\n        />\n      </div>\n    </div>\n    <div\n      className=\"fields\"\n    >\n      <div\n        className=\"sixteen wide field\"\n      >\n        <label\n          htmlFor=\"empty\"\n        >\n          Description\n        </label>\n        <textarea\n          error=\"\"\n          name=\"empty\"\n          onChange={[Function]}\n          onInput={[Function]}\n          placeholder=\"Render me!\"\n          rows={3}\n          value=\"\"\n        />\n      </div>\n    </div>\n  </div>\n  <div\n    className=\"ui dividing header\"\n  >\n    Readonly\n  </div>\n  <div\n    className=\"ui form form-Abfdcefijjc\"\n  >\n    <div\n      className=\"fields\"\n    >\n      <div\n        className=\"sixteen wide field\"\n      >\n        <label\n          htmlFor=\"description\"\n        >\n          Description\n        </label>\n        <textarea\n          disabled={true}\n          error=\"\"\n          name=\"description\"\n          onChange={[Function]}\n          onInput={[Function]}\n          placeholder={null}\n          rows={3}\n          value=\"Some Description\"\n        />\n      </div>\n    </div>\n    <div\n      className=\"fields\"\n    >\n      <div\n        className=\"sixteen wide field\"\n      >\n        <label\n          htmlFor=\"empty\"\n        >\n          Description\n        </label>\n        <textarea\n          disabled={true}\n          error=\"\"\n          name=\"empty\"\n          onChange={[Function]}\n          onInput={[Function]}\n          placeholder=\"Render me!\"\n          rows={3}\n          value=\"\"\n        />\n      </div>\n    </div>\n  </div>\n</div>\n";

