exports["Stack renders standard 1"] = "\n<div\n  className=\"ui segment\"\n>\n  <div\n    className=\"ui dividing header\"\n  >\n    Standard\n  </div>\n  <div\n    className=\"ui form   css-1mu481t-form\"\n    data-control=\"Form\"\n  >\n    <div\n      data-control=\"Stack\"\n    >\n      <div\n        className=\"css-eoi0db-item-column\"\n      >\n        <div\n          dangerouslySetInnerHTML={\n            Object {\n              \"__html\": \"Empty\",\n            }\n          }\n          data-control=\"Text\"\n        />\n      </div>\n      <div\n        className=\"css-eoi0db-item-column\"\n      >\n        <div\n          data-control=\"Stack\"\n        />\n      </div>\n      <div\n        className=\"css-eoi0db-item-column\"\n      >\n        <div\n          dangerouslySetInnerHTML={\n            Object {\n              \"__html\": \"Row Layout\",\n            }\n          }\n          data-control=\"Text\"\n        />\n      </div>\n      <div\n        className=\"css-eoi0db-item-column\"\n      >\n        <div\n          data-control=\"Stack\"\n        >\n          <div\n            className=\"css-7hpbpj-item-row\"\n          >\n            <div\n              className=\"css-4mdf4o\"\n              dangerouslySetInnerHTML={\n                Object {\n                  \"__html\": \"1\",\n                }\n              }\n              data-control=\"Text\"\n            />\n          </div>\n          <div\n            className=\"css-7hpbpj-item-row\"\n          >\n            <div\n              className=\"css-dg8zng\"\n              dangerouslySetInnerHTML={\n                Object {\n                  \"__html\": \"1\",\n                }\n              }\n              data-control=\"Text\"\n            />\n          </div>\n          <div\n            className=\"css-7hpbpj-item-row\"\n          >\n            <div\n              className=\"css-1iwh9a1\"\n              dangerouslySetInnerHTML={\n                Object {\n                  \"__html\": \"1\",\n                }\n              }\n              data-control=\"Text\"\n            />\n          </div>\n          <div\n            className=\"css-7hpbpj-item-row\"\n          >\n            <div\n              className=\"css-1iwh9a1\"\n              dangerouslySetInnerHTML={\n                Object {\n                  \"__html\": \"1\",\n                }\n              }\n              data-control=\"Text\"\n            />\n          </div>\n          <div\n            className=\"css-7hpbpj-item-row\"\n          >\n            <div\n              className=\"css-1iwh9a1\"\n              dangerouslySetInnerHTML={\n                Object {\n                  \"__html\": \"1\",\n                }\n              }\n              data-control=\"Text\"\n            />\n          </div>\n          <div\n            className=\"css-7hpbpj-item-row\"\n          >\n            <div\n              className=\"css-1iwh9a1\"\n              dangerouslySetInnerHTML={\n                Object {\n                  \"__html\": \"1\",\n                }\n              }\n              data-control=\"Text\"\n            />\n          </div>\n        </div>\n      </div>\n      <div\n        className=\"css-eoi0db-item-column\"\n      >\n        <div\n          data-control=\"Stack\"\n        >\n          <div\n            className=\"css-1i51mle-item-row\"\n          >\n            <div\n              className=\"css-4mdf4o\"\n              dangerouslySetInnerHTML={\n                Object {\n                  \"__html\": \"1\",\n                }\n              }\n              data-control=\"Text\"\n            />\n          </div>\n          <div\n            className=\"css-1i51mle-item-row\"\n          >\n            <div\n              className=\"css-dg8zng\"\n              dangerouslySetInnerHTML={\n                Object {\n                  \"__html\": \"1\",\n                }\n              }\n              data-control=\"Text\"\n            />\n          </div>\n          <div\n            className=\"css-1i51mle-item-row\"\n          >\n            <div\n              className=\"css-1iwh9a1\"\n              dangerouslySetInnerHTML={\n                Object {\n                  \"__html\": \"1\",\n                }\n              }\n              data-control=\"Text\"\n            />\n          </div>\n          <div\n            className=\"css-1i51mle-item-row\"\n          >\n            <div\n              className=\"css-1iwh9a1\"\n              dangerouslySetInnerHTML={\n                Object {\n                  \"__html\": \"1\",\n                }\n              }\n              data-control=\"Text\"\n            />\n          </div>\n          <div\n            className=\"css-1i51mle-item-row\"\n          >\n            <div\n              className=\"css-1iwh9a1\"\n              dangerouslySetInnerHTML={\n                Object {\n                  \"__html\": \"1\",\n                }\n              }\n              data-control=\"Text\"\n            />\n          </div>\n          <div\n            className=\"css-1i51mle-item-row\"\n          >\n            <div\n              className=\"css-1iwh9a1\"\n              dangerouslySetInnerHTML={\n                Object {\n                  \"__html\": \"1\",\n                }\n              }\n              data-control=\"Text\"\n            />\n          </div>\n        </div>\n      </div>\n      <div\n        className=\"css-eoi0db-item-column\"\n      >\n        <div\n          className=\"css-1pvpgaq\"\n          dangerouslySetInnerHTML={\n            Object {\n              \"__html\": \"Column Layout\",\n            }\n          }\n          data-control=\"Text\"\n        />\n      </div>\n      <div\n        className=\"css-eoi0db-item-column\"\n      >\n        <div\n          data-control=\"Stack\"\n        >\n          <div\n            className=\"css-eoi0db-item-column\"\n          >\n            <div\n              className=\"css-4mdf4o\"\n              dangerouslySetInnerHTML={\n                Object {\n                  \"__html\": \"1\",\n                }\n              }\n              data-control=\"Text\"\n            />\n          </div>\n          <div\n            className=\"css-eoi0db-item-column\"\n          >\n            <div\n              className=\"css-dg8zng\"\n              dangerouslySetInnerHTML={\n                Object {\n                  \"__html\": \"1\",\n                }\n              }\n              data-control=\"Text\"\n            />\n          </div>\n          <div\n            className=\"css-eoi0db-item-column\"\n          >\n            <div\n              className=\"css-1iwh9a1\"\n              dangerouslySetInnerHTML={\n                Object {\n                  \"__html\": \"1\",\n                }\n              }\n              data-control=\"Text\"\n            />\n          </div>\n          <div\n            className=\"css-eoi0db-item-column\"\n          >\n            <div\n              className=\"css-1iwh9a1\"\n              dangerouslySetInnerHTML={\n                Object {\n                  \"__html\": \"1\",\n                }\n              }\n              data-control=\"Text\"\n            />\n          </div>\n          <div\n            className=\"css-eoi0db-item-column\"\n          >\n            <div\n              className=\"css-1iwh9a1\"\n              dangerouslySetInnerHTML={\n                Object {\n                  \"__html\": \"1\",\n                }\n              }\n              data-control=\"Text\"\n            />\n          </div>\n          <div\n            className=\"css-eoi0db-item-column\"\n          >\n            <div\n              className=\"css-1iwh9a1\"\n              dangerouslySetInnerHTML={\n                Object {\n                  \"__html\": \"1\",\n                }\n              }\n              data-control=\"Text\"\n            />\n          </div>\n        </div>\n      </div>\n      <div\n        className=\"css-eoi0db-item-column\"\n      >\n        <div\n          data-control=\"Stack\"\n        >\n          <div\n            className=\"css-4mdf4o\"\n            dangerouslySetInnerHTML={\n              Object {\n                \"__html\": \"1\",\n              }\n            }\n            data-control=\"Text\"\n          />\n          <div\n            className=\"css-dg8zng\"\n            dangerouslySetInnerHTML={\n              Object {\n                \"__html\": \"1\",\n              }\n            }\n            data-control=\"Text\"\n          />\n          <div\n            className=\"css-1iwh9a1\"\n            dangerouslySetInnerHTML={\n              Object {\n                \"__html\": \"1\",\n              }\n            }\n            data-control=\"Text\"\n          />\n          <div\n            className=\"css-1iwh9a1\"\n            dangerouslySetInnerHTML={\n              Object {\n                \"__html\": \"1\",\n              }\n            }\n            data-control=\"Text\"\n          />\n          <div\n            className=\"css-1iwh9a1\"\n            dangerouslySetInnerHTML={\n              Object {\n                \"__html\": \"1\",\n              }\n            }\n            data-control=\"Text\"\n          />\n          <div\n            className=\"css-1iwh9a1\"\n            dangerouslySetInnerHTML={\n              Object {\n                \"__html\": \"1\",\n              }\n            }\n            data-control=\"Text\"\n          />\n        </div>\n      </div>\n    </div>\n  </div>\n</div>\n";

exports["Stack renders editor 1"] = "\n<div\n  className=\"ui segment\"\n>\n  <div\n    className=\"ui dividing header\"\n  >\n    Editor\n  </div>\n  <div\n    style={\n      Object {\n        \"display\": \"flex\",\n      }\n    }\n  >\n    <div\n      style={\n        Object {\n          \"flex\": \"1\",\n        }\n      }\n    >\n      <div\n        className=\"ui form   css-1mu481t-form\"\n        data-control=\"Form\"\n        id=\"33\"\n      >\n        <div\n          className=\"css-1q7g8br\"\n          data-control=\"Stack\"\n          data-editor=\"isEditor\"\n          id=\"32\"\n          layout=\"column\"\n          onClick={[Function]}\n          onDragEnd={[Function]}\n          onDragLeave={[Function]}\n          onDragOver={[Function]}\n          onDrop={[Function]}\n          onMouseOut={[Function]}\n          onMouseOver={[Function]}\n        >\n          <div\n            className=\"css-itj7i2-item-column\"\n          >\n            <div\n              dangerouslySetInnerHTML={\n                Object {\n                  \"__html\": \"Empty\",\n                }\n              }\n              data-control=\"Text\"\n              id=\"0\"\n              onClick={[Function]}\n              onMouseOut={[Function]}\n              onMouseOver={[Function]}\n            />\n          </div>\n          <div\n            className=\"css-itj7i2-item-column\"\n          >\n            <div\n              className=\"css-1q7g8br\"\n              data-control=\"Stack\"\n              data-editor=\"isEditor\"\n              id=\"1\"\n              layout=\"column\"\n              onClick={[Function]}\n              onDragEnd={[Function]}\n              onDragLeave={[Function]}\n              onDragOver={[Function]}\n              onDrop={[Function]}\n              onMouseOut={[Function]}\n              onMouseOver={[Function]}\n            />\n            <div\n              className=\"css-1so7s8l-cell cellContent empty css-itj7i2-item-column\"\n              data-id=\"0\"\n              draggable={false}\n              onDragEnter={[Function]}\n              onDragLeave={[Function]}\n              onDragOver={[Function]}\n              onDragStart={[Function]}\n              onDrop={[Function]}\n              onMouseOver={[Function]}\n            >\n               \n            </div>\n          </div>\n          <div\n            className=\"css-itj7i2-item-column\"\n          >\n            <div\n              dangerouslySetInnerHTML={\n                Object {\n                  \"__html\": \"Row Layout\",\n                }\n              }\n              data-control=\"Text\"\n              id=\"2\"\n              onClick={[Function]}\n              onMouseOut={[Function]}\n              onMouseOver={[Function]}\n            />\n          </div>\n          <div\n            className=\"css-itj7i2-item-column\"\n          >\n            <div\n              className=\"css-1q7g8br\"\n              data-control=\"Stack\"\n              data-editor=\"isEditor\"\n              id=\"9\"\n              layout=\"row\"\n              onClick={[Function]}\n              onDragEnd={[Function]}\n              onDragLeave={[Function]}\n              onDragOver={[Function]}\n              onDrop={[Function]}\n              onMouseOut={[Function]}\n              onMouseOver={[Function]}\n            >\n              <div\n                className=\"css-p1kag8-item-row\"\n              >\n                <div\n                  className=\"css-4mdf4o\"\n                  dangerouslySetInnerHTML={\n                    Object {\n                      \"__html\": \"1\",\n                    }\n                  }\n                  data-control=\"Text\"\n                  id=\"3\"\n                  onClick={[Function]}\n                  onMouseOut={[Function]}\n                  onMouseOver={[Function]}\n                />\n              </div>\n              <div\n                className=\"css-p1kag8-item-row\"\n              >\n                <div\n                  className=\"css-dg8zng\"\n                  dangerouslySetInnerHTML={\n                    Object {\n                      \"__html\": \"1\",\n                    }\n                  }\n                  data-control=\"Text\"\n                  id=\"4\"\n                  onClick={[Function]}\n                  onMouseOut={[Function]}\n                  onMouseOver={[Function]}\n                />\n              </div>\n              <div\n                className=\"css-p1kag8-item-row\"\n              >\n                <div\n                  className=\"css-1iwh9a1\"\n                  dangerouslySetInnerHTML={\n                    Object {\n                      \"__html\": \"1\",\n                    }\n                  }\n                  data-control=\"Text\"\n                  id=\"5\"\n                  onClick={[Function]}\n                  onMouseOut={[Function]}\n                  onMouseOver={[Function]}\n                />\n              </div>\n              <div\n                className=\"css-p1kag8-item-row\"\n              >\n                <div\n                  className=\"css-1iwh9a1\"\n                  dangerouslySetInnerHTML={\n                    Object {\n                      \"__html\": \"1\",\n                    }\n                  }\n                  data-control=\"Text\"\n                  id=\"6\"\n                  onClick={[Function]}\n                  onMouseOut={[Function]}\n                  onMouseOver={[Function]}\n                />\n              </div>\n              <div\n                className=\"css-p1kag8-item-row\"\n              >\n                <div\n                  className=\"css-1iwh9a1\"\n                  dangerouslySetInnerHTML={\n                    Object {\n                      \"__html\": \"1\",\n                    }\n                  }\n                  data-control=\"Text\"\n                  id=\"7\"\n                  onClick={[Function]}\n                  onMouseOut={[Function]}\n                  onMouseOver={[Function]}\n                />\n              </div>\n              <div\n                className=\"css-p1kag8-item-row\"\n              >\n                <div\n                  className=\"css-1iwh9a1\"\n                  dangerouslySetInnerHTML={\n                    Object {\n                      \"__html\": \"1\",\n                    }\n                  }\n                  data-control=\"Text\"\n                  id=\"8\"\n                  onClick={[Function]}\n                  onMouseOut={[Function]}\n                  onMouseOver={[Function]}\n                />\n              </div>\n            </div>\n          </div>\n          <div\n            className=\"css-itj7i2-item-column\"\n          >\n            <div\n              className=\"css-1q7g8br\"\n              data-control=\"Stack\"\n              data-editor=\"isEditor\"\n              id=\"16\"\n              layout=\"row\"\n              onClick={[Function]}\n              onDragEnd={[Function]}\n              onDragLeave={[Function]}\n              onDragOver={[Function]}\n              onDrop={[Function]}\n              onMouseOut={[Function]}\n              onMouseOver={[Function]}\n            >\n              <div\n                className=\"css-1swo67l-item-row\"\n              >\n                <div\n                  className=\"css-4mdf4o\"\n                  dangerouslySetInnerHTML={\n                    Object {\n                      \"__html\": \"1\",\n                    }\n                  }\n                  data-control=\"Text\"\n                  id=\"10\"\n                  onClick={[Function]}\n                  onMouseOut={[Function]}\n                  onMouseOver={[Function]}\n                />\n              </div>\n              <div\n                className=\"css-1swo67l-item-row\"\n              >\n                <div\n                  className=\"css-dg8zng\"\n                  dangerouslySetInnerHTML={\n                    Object {\n                      \"__html\": \"1\",\n                    }\n                  }\n                  data-control=\"Text\"\n                  id=\"11\"\n                  onClick={[Function]}\n                  onMouseOut={[Function]}\n                  onMouseOver={[Function]}\n                />\n              </div>\n              <div\n                className=\"css-1swo67l-item-row\"\n              >\n                <div\n                  className=\"css-1iwh9a1\"\n                  dangerouslySetInnerHTML={\n                    Object {\n                      \"__html\": \"1\",\n                    }\n                  }\n                  data-control=\"Text\"\n                  id=\"12\"\n                  onClick={[Function]}\n                  onMouseOut={[Function]}\n                  onMouseOver={[Function]}\n                />\n              </div>\n              <div\n                className=\"css-1swo67l-item-row\"\n              >\n                <div\n                  className=\"css-1iwh9a1\"\n                  dangerouslySetInnerHTML={\n                    Object {\n                      \"__html\": \"1\",\n                    }\n                  }\n                  data-control=\"Text\"\n                  id=\"13\"\n                  onClick={[Function]}\n                  onMouseOut={[Function]}\n                  onMouseOver={[Function]}\n                />\n              </div>\n              <div\n                className=\"css-1swo67l-item-row\"\n              >\n                <div\n                  className=\"css-1iwh9a1\"\n                  dangerouslySetInnerHTML={\n                    Object {\n                      \"__html\": \"1\",\n                    }\n                  }\n                  data-control=\"Text\"\n                  id=\"14\"\n                  onClick={[Function]}\n                  onMouseOut={[Function]}\n                  onMouseOver={[Function]}\n                />\n              </div>\n              <div\n                className=\"css-1swo67l-item-row\"\n              >\n                <div\n                  className=\"css-1iwh9a1\"\n                  dangerouslySetInnerHTML={\n                    Object {\n                      \"__html\": \"1\",\n                    }\n                  }\n                  data-control=\"Text\"\n                  id=\"15\"\n                  onClick={[Function]}\n                  onMouseOut={[Function]}\n                  onMouseOver={[Function]}\n                />\n              </div>\n            </div>\n          </div>\n          <div\n            className=\"css-itj7i2-item-column\"\n          >\n            <div\n              className=\"css-1pvpgaq\"\n              dangerouslySetInnerHTML={\n                Object {\n                  \"__html\": \"Column Layout\",\n                }\n              }\n              data-control=\"Text\"\n              id=\"17\"\n              onClick={[Function]}\n              onMouseOut={[Function]}\n              onMouseOver={[Function]}\n            />\n          </div>\n          <div\n            className=\"css-itj7i2-item-column\"\n          >\n            <div\n              className=\"css-1q7g8br\"\n              data-control=\"Stack\"\n              data-editor=\"isEditor\"\n              id=\"24\"\n              layout=\"column\"\n              onClick={[Function]}\n              onDragEnd={[Function]}\n              onDragLeave={[Function]}\n              onDragOver={[Function]}\n              onDrop={[Function]}\n              onMouseOut={[Function]}\n              onMouseOver={[Function]}\n            >\n              <div\n                className=\"css-itj7i2-item-column\"\n              >\n                <div\n                  className=\"css-4mdf4o\"\n                  dangerouslySetInnerHTML={\n                    Object {\n                      \"__html\": \"1\",\n                    }\n                  }\n                  data-control=\"Text\"\n                  id=\"18\"\n                  onClick={[Function]}\n                  onMouseOut={[Function]}\n                  onMouseOver={[Function]}\n                />\n              </div>\n              <div\n                className=\"css-itj7i2-item-column\"\n              >\n                <div\n                  className=\"css-dg8zng\"\n                  dangerouslySetInnerHTML={\n                    Object {\n                      \"__html\": \"1\",\n                    }\n                  }\n                  data-control=\"Text\"\n                  id=\"19\"\n                  onClick={[Function]}\n                  onMouseOut={[Function]}\n                  onMouseOver={[Function]}\n                />\n              </div>\n              <div\n                className=\"css-itj7i2-item-column\"\n              >\n                <div\n                  className=\"css-1iwh9a1\"\n                  dangerouslySetInnerHTML={\n                    Object {\n                      \"__html\": \"1\",\n                    }\n                  }\n                  data-control=\"Text\"\n                  id=\"20\"\n                  onClick={[Function]}\n                  onMouseOut={[Function]}\n                  onMouseOver={[Function]}\n                />\n              </div>\n              <div\n                className=\"css-itj7i2-item-column\"\n              >\n                <div\n                  className=\"css-1iwh9a1\"\n                  dangerouslySetInnerHTML={\n                    Object {\n                      \"__html\": \"1\",\n                    }\n                  }\n                  data-control=\"Text\"\n                  id=\"21\"\n                  onClick={[Function]}\n                  onMouseOut={[Function]}\n                  onMouseOver={[Function]}\n                />\n              </div>\n              <div\n                className=\"css-itj7i2-item-column\"\n              >\n                <div\n                  className=\"css-1iwh9a1\"\n                  dangerouslySetInnerHTML={\n                    Object {\n                      \"__html\": \"1\",\n                    }\n                  }\n                  data-control=\"Text\"\n                  id=\"22\"\n                  onClick={[Function]}\n                  onMouseOut={[Function]}\n                  onMouseOver={[Function]}\n                />\n              </div>\n              <div\n                className=\"css-itj7i2-item-column\"\n              >\n                <div\n                  className=\"css-1iwh9a1\"\n                  dangerouslySetInnerHTML={\n                    Object {\n                      \"__html\": \"1\",\n                    }\n                  }\n                  data-control=\"Text\"\n                  id=\"23\"\n                  onClick={[Function]}\n                  onMouseOut={[Function]}\n                  onMouseOver={[Function]}\n                />\n              </div>\n            </div>\n          </div>\n          <div\n            className=\"css-itj7i2-item-column\"\n          >\n            <div\n              className=\"css-1q7g8br\"\n              data-control=\"Stack\"\n              data-editor=\"isEditor\"\n              id=\"31\"\n              layout=\"column\"\n              onClick={[Function]}\n              onDragEnd={[Function]}\n              onDragLeave={[Function]}\n              onDragOver={[Function]}\n              onDrop={[Function]}\n              onMouseOut={[Function]}\n              onMouseOver={[Function]}\n            >\n              <div\n                className=\"css-4mdf4o\"\n                dangerouslySetInnerHTML={\n                  Object {\n                    \"__html\": \"1\",\n                  }\n                }\n                data-control=\"Text\"\n                id=\"25\"\n                onClick={[Function]}\n                onMouseOut={[Function]}\n                onMouseOver={[Function]}\n              />\n              <div\n                className=\"css-dg8zng\"\n                dangerouslySetInnerHTML={\n                  Object {\n                    \"__html\": \"1\",\n                  }\n                }\n                data-control=\"Text\"\n                id=\"26\"\n                onClick={[Function]}\n                onMouseOut={[Function]}\n                onMouseOver={[Function]}\n              />\n              <div\n                className=\"css-1iwh9a1\"\n                dangerouslySetInnerHTML={\n                  Object {\n                    \"__html\": \"1\",\n                  }\n                }\n                data-control=\"Text\"\n                id=\"27\"\n                onClick={[Function]}\n                onMouseOut={[Function]}\n                onMouseOver={[Function]}\n              />\n              <div\n                className=\"css-1iwh9a1\"\n                dangerouslySetInnerHTML={\n                  Object {\n                    \"__html\": \"1\",\n                  }\n                }\n                data-control=\"Text\"\n                id=\"28\"\n                onClick={[Function]}\n                onMouseOut={[Function]}\n                onMouseOver={[Function]}\n              />\n              <div\n                className=\"css-1iwh9a1\"\n                dangerouslySetInnerHTML={\n                  Object {\n                    \"__html\": \"1\",\n                  }\n                }\n                data-control=\"Text\"\n                id=\"29\"\n                onClick={[Function]}\n                onMouseOut={[Function]}\n                onMouseOver={[Function]}\n              />\n              <div\n                className=\"css-1iwh9a1\"\n                dangerouslySetInnerHTML={\n                  Object {\n                    \"__html\": \"1\",\n                  }\n                }\n                data-control=\"Text\"\n                id=\"30\"\n                onClick={[Function]}\n                onMouseOut={[Function]}\n                onMouseOver={[Function]}\n              />\n            </div>\n          </div>\n        </div>\n      </div>\n    </div>\n  </div>\n</div>\n";

